
--- 2026-09-02T16:17:13.613Z debug
🪵  Writing logs to "/home/subbu/Downloads/Projects/0BACKUP/Apptome/scratch/home/.config/.wrangler/logs/wrangler-2026-09-02_16-17-08_227.log"
---

--- 2026-09-02T16:17:13.608Z warn
▲ [WARNING] Proxy environment variables detected. We'll use your proxy for fetch requests.


---

--- 2026-09-02T16:17:14.422Z debug
.env file not found at "/home/subbu/Downloads/Projects/0BACKUP/Apptome/connectome/hub/gateway/.env". Continuing... For more details, refer to https://developers.cloudflare.com/workers/wrangler/system-environment-variables/
---

--- 2026-09-02T16:17:14.423Z debug
.env file not found at "/home/subbu/Downloads/Projects/0BACKUP/Apptome/connectome/hub/gateway/.env.local". Continuing... For more details, refer to https://developers.cloudflare.com/workers/wrangler/system-environment-variables/
---

--- 2026-09-02T16:17:14.968Z log

 ⛅️ wrangler 4.127.1
────────────────────
---

--- 2026-09-02T16:17:15.311Z debug
setting config
---

--- 2026-09-02T16:17:15.321Z debug
Updating config... undefined undefined
---

--- 2026-09-02T16:17:15.477Z debug
Metrics dispatcher: Posting data {"deviceId":"f58915be-3f65-4b52-972b-267e607c74ec","event":"wrangler command started","timestamp":1788365835476,"properties":{"amplitude_session_id":1788365834970,"amplitude_event_id":0,"wranglerVersion":"4.127.1","wranglerMajorVersion":4,"wranglerMinorVersion":127,"wranglerPatchVersion":1,"osPlatform":"Linux","osVersion":"#30~24.04.1-Ubuntu SMP PREEMPT_DYNAMIC Fri Aug  7 13:27:52 UTC 2","nodeVersion":25,"isFirstUsage":false,"configFileType":"none","isCI":false,"isPagesCI":false,"isWorkersCI":false,"isInteractive":false,"hasAssets":false,"agent":"antigravity","argsUsed":["inspectorPort","port","var"],"argsCombination":"inspectorPort, port, var","sanitizedCommand":"dev","sanitizedArgs":{},"currentAgentSkillsInstalled":null}}
---

--- 2026-09-02T16:17:15.959Z debug
local dev variables file not found at ".dev.vars". Continuing... For more details, refer to https://developers.cloudflare.com/workers/wrangler/system-environment-variables/
---

--- 2026-09-02T16:17:15.966Z debug
.env file not found at "/home/subbu/Downloads/Projects/0BACKUP/Apptome/connectome/hub/gateway/.env". Continuing... For more details, refer to https://developers.cloudflare.com/workers/wrangler/system-environment-variables/
---

--- 2026-09-02T16:17:15.968Z debug
.env file not found at "/home/subbu/Downloads/Projects/0BACKUP/Apptome/connectome/hub/gateway/.env.local". Continuing... For more details, refer to https://developers.cloudflare.com/workers/wrangler/system-environment-variables/
---

--- 2026-09-02T16:17:15.994Z log
Your Worker has access to the following bindings:
---

--- 2026-09-02T16:17:15.995Z log
Binding                                     Resource                      Mode
---

--- 2026-09-02T16:17:16.000Z log
env.HUB (HubDO)                             Durable Object                local
---

--- 2026-09-02T16:17:16.000Z log
env.MANIFESTS                               KV Namespace                  local
---

--- 2026-09-02T16:17:16.000Z log
env.METRICS (connectome-audit)              Analytics Engine Dataset      local
---

--- 2026-09-02T16:17:16.000Z log
env.RATE_LIMIT (60 requests/10s)            Rate Limit                    local
---

--- 2026-09-02T16:17:16.002Z log
env.PAIR_LIMIT (8 requests/60s)             Rate Limit                    local
---

--- 2026-09-02T16:17:16.002Z log
env.ENVIRONMENT ("(hidden)")                Environment Variable          local
---

--- 2026-09-02T16:17:16.002Z log
env.SURFACE_ORIGIN ("(hidden)")             Environment Variable          local
---

--- 2026-09-02T16:17:16.003Z log
env.ALLOWED_ORIGINS ("(hidden)")            Environment Variable          local
---

--- 2026-09-02T16:17:16.004Z log

---

--- 2026-09-02T16:17:16.813Z debug
Metrics dispatcher: Failed to send request: Forbidden
---

--- 2026-09-02T16:17:20.980Z log
Wrangler detected this dev session is running in an AI agent.
The Local Explorer API is available at http://localhost:8791/cdn-cgi/local/explorer/api
Useful routes:
  GET http://localhost:8791/cdn-cgi/local/explorer/api/local/workers - local Workers and bindings
  GET http://localhost:8791/cdn-cgi/local/explorer/api/storage/kv/namespaces - KV namespaces
  GET http://localhost:8791/cdn-cgi/local/explorer/api/d1/database - D1 databases
  GET http://localhost:8791/cdn-cgi/local/explorer/api/r2/buckets - R2 buckets
  GET http://localhost:8791/cdn-cgi/local/explorer/api/workers/durable_objects/namespaces - Durable Object namespaces
  GET http://localhost:8791/cdn-cgi/local/explorer/api/workflows - Workflows
  POST http://localhost:8791/cdn-cgi/local/explorer/api/local/observability/query - run a read-only SQL query (SELECT/WITH only) over captured request traces and console logs. Tables: spans, logs (read attributes via json(attributes)). Example:
    curl -X POST http://localhost:8791/cdn-cgi/local/explorer/api/local/observability/query -H 'Content-Type: application/json' -d '{"sql":"SELECT service, name, outcome, duration_ms FROM spans WHERE parent_id IS NULL LIMIT 20"}'
If the routes above don't cover what you need, fetch the full OpenAPI schema (large - use only as a last resort):
  GET http://localhost:8791/cdn-cgi/local/explorer/api - OpenAPI schema
---

--- 2026-09-02T16:17:22.475Z debug
Writing additional module to output /home/subbu/Downloads/Projects/0BACKUP/Apptome/connectome/hub/gateway/.wrangler/tmp/dev-htojVc/bd797a7d89e0da28c4ed19a5b3ae3ac94e02fec7-protocol.js.txt
---

--- 2026-09-02T16:17:22.476Z debug
Writing additional module to output /home/subbu/Downloads/Projects/0BACKUP/Apptome/connectome/hub/gateway/.wrangler/tmp/dev-htojVc/efa4900e308487614cc54b7aa8151e946242560a-bridge.js.txt
---

--- 2026-09-02T16:17:22.478Z debug
Writing additional module to output /home/subbu/Downloads/Projects/0BACKUP/Apptome/connectome/hub/gateway/.wrangler/tmp/dev-htojVc/34666b1a90fdc530d7139d5f016fcb01f587f7ee-webmcp-polyfill.js.txt
---

--- 2026-09-02T16:17:22.494Z debug
RemoteRuntimeController teardown beginning...
---

--- 2026-09-02T16:17:22.495Z debug
RemoteRuntimeController teardown complete
---

--- 2026-09-02T16:17:22.559Z log
⎔ Starting local server...
---

--- 2026-09-02T16:17:22.661Z debug
[InspectorProxyWorker] handleProxyControllerIncomingMessage {"type":"reloadStart"}
---

--- 2026-09-02T16:17:24.876Z debug
[InspectorProxyWorker] handleProxyControllerIncomingMessage {"type":"reloadComplete","proxyData":{"userWorkerUrl":{"protocol":"http:","hostname":"127.0.0.1","port":"40325"},"userWorkerInspectorUrl":{"protocol":"ws:","hostname":"127.0.0.1","port":"36983","pathname":"/core:user:connectome-gateway"},"userWorkerInnerUrlOverrides":{"protocol":"http:"},"headers":{"MF-Proxy-Shared-Secret":"0cb84fd1-e168-46bf-bc30-b6cbd7667774"},"liveReload":false,"proxyLogsToController":false}}
---

--- 2026-09-02T16:17:24.885Z debug
[InspectorProxyWorker] reconnectRuntimeWebSocket
---

--- 2026-09-02T16:17:24.892Z debug
[InspectorProxyWorker] NEW RUNTIME WEBSOCKET http://127.0.0.1:36983/core:user:connectome-gateway
---

--- 2026-09-02T16:17:24.907Z debug
[InspectorProxyWorker] SEND TO DEVTOOLS {"method":"Runtime.executionContextsCleared"}
---

--- 2026-09-02T16:17:24.918Z debug
[InspectorProxyWorker] RUNTIME INCOMING MESSAGE {
  method: 'Runtime.executionContextCreated',
  params: {
    context: {
      id: 250351201,
      origin: '',
      name: 'Worker',
      uniqueId: '1996336571173354118.5026356790447405967'
    }
  }
}
---

--- 2026-09-02T16:17:24.924Z debug
[InspectorProxyWorker] RUNTIME WEBSOCKET OPENED
---

--- 2026-09-02T16:17:24.932Z debug
[InspectorProxyWorker] SEND TO RUNTIME {"method":"Runtime.enable","id":100000001}
---

--- 2026-09-02T16:17:24.940Z debug
[InspectorProxyWorker] RUNTIME INCOMING MESSAGE { id: 100000001, result: {} }
---

--- 2026-09-02T16:17:34.882Z debug
[InspectorProxyWorker] SEND TO RUNTIME {"method":"Runtime.getIsolateId","id":100000002}
---

--- 2026-09-02T16:17:34.884Z debug
[InspectorProxyWorker] RUNTIME INCOMING MESSAGE { id: 100000002, result: { id: '3b61938c6c69a124' } }
---

--- 2026-09-02T16:17:44.896Z debug
[InspectorProxyWorker] SEND TO RUNTIME {"method":"Runtime.getIsolateId","id":100000003}
---

--- 2026-09-02T16:17:44.903Z debug
[InspectorProxyWorker] RUNTIME INCOMING MESSAGE { id: 100000003, result: { id: '3b61938c6c69a124' } }
---

--- 2026-09-02T16:17:54.890Z debug
[InspectorProxyWorker] SEND TO RUNTIME {"method":"Runtime.getIsolateId","id":100000004}
---

--- 2026-09-02T16:17:54.893Z debug
[InspectorProxyWorker] RUNTIME INCOMING MESSAGE { id: 100000004, result: { id: '3b61938c6c69a124' } }
---
