
--- 2026-09-02T16:21:48.289Z debug
🪵  Writing logs to "/home/subbu/Downloads/Projects/0BACKUP/Apptome/scratch/home/.config/.wrangler/logs/wrangler-2026-09-02_16-21-42_707.log"
---

--- 2026-09-02T16:21:48.288Z warn
▲ [WARNING] Proxy environment variables detected. We'll use your proxy for fetch requests.


---

--- 2026-09-02T16:21:49.145Z debug
.env file not found at "/home/subbu/Downloads/Projects/0BACKUP/Apptome/connectome/apps/stub-invoicing/.env". Continuing... For more details, refer to https://developers.cloudflare.com/workers/wrangler/system-environment-variables/
---

--- 2026-09-02T16:21:49.147Z debug
.env file not found at "/home/subbu/Downloads/Projects/0BACKUP/Apptome/connectome/apps/stub-invoicing/.env.local". Continuing... For more details, refer to https://developers.cloudflare.com/workers/wrangler/system-environment-variables/
---

--- 2026-09-02T16:21:49.451Z log

 ⛅️ wrangler 4.127.1
────────────────────
---

--- 2026-09-02T16:21:50.009Z debug
setting config
---

--- 2026-09-02T16:21:50.017Z debug
Updating config... undefined undefined
---

--- 2026-09-02T16:21:50.086Z debug
Metrics dispatcher: Posting data {"deviceId":"f58915be-3f65-4b52-972b-267e607c74ec","event":"wrangler command started","timestamp":1788366110086,"properties":{"amplitude_session_id":1788366109454,"amplitude_event_id":0,"wranglerVersion":"4.127.1","wranglerMajorVersion":4,"wranglerMinorVersion":127,"wranglerPatchVersion":1,"osPlatform":"Linux","osVersion":"#30~24.04.1-Ubuntu SMP PREEMPT_DYNAMIC Fri Aug  7 13:27:52 UTC 2","nodeVersion":25,"isFirstUsage":false,"configFileType":"none","isCI":false,"isPagesCI":false,"isWorkersCI":false,"isInteractive":false,"hasAssets":false,"agent":"antigravity","argsUsed":["inspectorPort","port"],"argsCombination":"inspectorPort, port","sanitizedCommand":"dev","sanitizedArgs":{},"currentAgentSkillsInstalled":null}}
---

--- 2026-09-02T16:21:50.710Z debug
local dev variables file not found at ".dev.vars". Continuing... For more details, refer to https://developers.cloudflare.com/workers/wrangler/system-environment-variables/
---

--- 2026-09-02T16:21:50.711Z debug
.env file not found at "/home/subbu/Downloads/Projects/0BACKUP/Apptome/connectome/apps/stub-invoicing/.env". Continuing... For more details, refer to https://developers.cloudflare.com/workers/wrangler/system-environment-variables/
---

--- 2026-09-02T16:21:50.711Z debug
.env file not found at "/home/subbu/Downloads/Projects/0BACKUP/Apptome/connectome/apps/stub-invoicing/.env.local". Continuing... For more details, refer to https://developers.cloudflare.com/workers/wrangler/system-environment-variables/
---

--- 2026-09-02T16:21:51.553Z debug
Metrics dispatcher: Failed to send request: Forbidden
---

--- 2026-09-02T16:21:52.420Z debug
RemoteRuntimeController teardown beginning...
---

--- 2026-09-02T16:21:52.703Z debug
RemoteRuntimeController teardown complete
---

--- 2026-09-02T16:21:52.773Z log
⎔ Starting local server...
---

--- 2026-09-02T16:21:53.251Z log
Wrangler detected this dev session is running in an AI agent.
The Local Explorer API is available at http://localhost:8788/cdn-cgi/local/explorer/api
Useful routes:
  GET http://localhost:8788/cdn-cgi/local/explorer/api/local/workers - local Workers and bindings
  GET http://localhost:8788/cdn-cgi/local/explorer/api/storage/kv/namespaces - KV namespaces
  GET http://localhost:8788/cdn-cgi/local/explorer/api/d1/database - D1 databases
  GET http://localhost:8788/cdn-cgi/local/explorer/api/r2/buckets - R2 buckets
  GET http://localhost:8788/cdn-cgi/local/explorer/api/workers/durable_objects/namespaces - Durable Object namespaces
  GET http://localhost:8788/cdn-cgi/local/explorer/api/workflows - Workflows
  POST http://localhost:8788/cdn-cgi/local/explorer/api/local/observability/query - run a read-only SQL query (SELECT/WITH only) over captured request traces and console logs. Tables: spans, logs (read attributes via json(attributes)). Example:
    curl -X POST http://localhost:8788/cdn-cgi/local/explorer/api/local/observability/query -H 'Content-Type: application/json' -d '{"sql":"SELECT service, name, outcome, duration_ms FROM spans WHERE parent_id IS NULL LIMIT 20"}'
If the routes above don't cover what you need, fetch the full OpenAPI schema (large - use only as a last resort):
  GET http://localhost:8788/cdn-cgi/local/explorer/api - OpenAPI schema
---

--- 2026-09-02T16:21:53.298Z debug
[InspectorProxyWorker] handleProxyControllerIncomingMessage {"type":"reloadStart"}
---

--- 2026-09-02T16:21:55.939Z debug
[InspectorProxyWorker] handleProxyControllerIncomingMessage {"type":"reloadComplete","proxyData":{"userWorkerUrl":{"protocol":"http:","hostname":"127.0.0.1","port":"36283"},"userWorkerInspectorUrl":{"protocol":"ws:","hostname":"127.0.0.1","port":"44169","pathname":"/core:user:stub-invoicing"},"userWorkerInnerUrlOverrides":{"protocol":"http:"},"headers":{"MF-Proxy-Shared-Secret":"8583dbb7-0c2f-4c48-a139-f9ee37f77414"},"liveReload":false,"proxyLogsToController":false}}
---

--- 2026-09-02T16:21:55.973Z debug
[InspectorProxyWorker] reconnectRuntimeWebSocket
---

--- 2026-09-02T16:21:55.983Z debug
[InspectorProxyWorker] RUNTIME WEBSOCKET OPENED
---

--- 2026-09-02T16:21:55.993Z debug
[InspectorProxyWorker] NEW RUNTIME WEBSOCKET http://127.0.0.1:44169/core:user:stub-invoicing
---

--- 2026-09-02T16:21:56.009Z debug
[InspectorProxyWorker] SEND TO DEVTOOLS {"method":"Runtime.executionContextsCleared"}
---

--- 2026-09-02T16:21:56.028Z debug
[InspectorProxyWorker] SEND TO RUNTIME {"method":"Runtime.enable","id":100000001}
---

--- 2026-09-02T16:21:56.038Z debug
[InspectorProxyWorker] RUNTIME INCOMING MESSAGE {
  method: 'Runtime.executionContextCreated',
  params: {
    context: {
      id: 298670465,
      origin: '',
      name: 'Worker',
      uniqueId: '166580245695708698.1529804387807294505'
    }
  }
}
---

--- 2026-09-02T16:21:56.052Z debug
[InspectorProxyWorker] RUNTIME INCOMING MESSAGE { id: 100000001, result: {} }
---

--- 2026-09-02T16:22:05.953Z debug
[InspectorProxyWorker] SEND TO RUNTIME {"method":"Runtime.getIsolateId","id":100000002}
---

--- 2026-09-02T16:22:05.958Z debug
[InspectorProxyWorker] RUNTIME INCOMING MESSAGE { id: 100000002, result: { id: 'fb33f80be089fd78' } }
---

--- 2026-09-02T16:22:15.958Z debug
[InspectorProxyWorker] SEND TO RUNTIME {"method":"Runtime.getIsolateId","id":100000003}
---

--- 2026-09-02T16:22:15.965Z debug
[InspectorProxyWorker] RUNTIME INCOMING MESSAGE { id: 100000003, result: { id: 'fb33f80be089fd78' } }
---

--- 2026-09-02T16:22:25.958Z debug
[InspectorProxyWorker] SEND TO RUNTIME {"method":"Runtime.getIsolateId","id":100000004}
---

--- 2026-09-02T16:22:25.960Z debug
[InspectorProxyWorker] RUNTIME INCOMING MESSAGE { id: 100000004, result: { id: 'fb33f80be089fd78' } }
---

--- 2026-09-02T16:22:35.970Z debug
[InspectorProxyWorker] SEND TO RUNTIME {"method":"Runtime.getIsolateId","id":100000005}
---

--- 2026-09-02T16:22:35.975Z debug
[InspectorProxyWorker] RUNTIME INCOMING MESSAGE { id: 100000005, result: { id: 'fb33f80be089fd78' } }
---
