
--- 2026-09-02T15:57:59.615Z debug
🪵  Writing logs to "/home/subbu/Downloads/Projects/0BACKUP/Apptome/scratch/home/.config/.wrangler/logs/wrangler-2026-09-02_15-57-54_463.log"
---

--- 2026-09-02T15:57:59.614Z warn
▲ [WARNING] Proxy environment variables detected. We'll use your proxy for fetch requests.


---

--- 2026-09-02T15:58:00.307Z debug
.env file not found at "/home/subbu/Downloads/Projects/0BACKUP/Apptome/connectome/apps/stub-notes/.env". Continuing... For more details, refer to https://developers.cloudflare.com/workers/wrangler/system-environment-variables/
---

--- 2026-09-02T15:58:00.312Z debug
.env file not found at "/home/subbu/Downloads/Projects/0BACKUP/Apptome/connectome/apps/stub-notes/.env.local". Continuing... For more details, refer to https://developers.cloudflare.com/workers/wrangler/system-environment-variables/
---

--- 2026-09-02T15:58:00.754Z log

 ⛅️ wrangler 4.127.1
────────────────────
---

--- 2026-09-02T15:58:01.138Z debug
setting config
---

--- 2026-09-02T15:58:01.139Z debug
Updating config... undefined undefined
---

--- 2026-09-02T15:58:01.182Z debug
Metrics dispatcher: Posting data {"deviceId":"f58915be-3f65-4b52-972b-267e607c74ec","event":"wrangler command started","timestamp":1788364681182,"properties":{"amplitude_session_id":1788364680756,"amplitude_event_id":0,"wranglerVersion":"4.127.1","wranglerMajorVersion":4,"wranglerMinorVersion":127,"wranglerPatchVersion":1,"osPlatform":"Linux","osVersion":"#30~24.04.1-Ubuntu SMP PREEMPT_DYNAMIC Fri Aug  7 13:27:52 UTC 2","nodeVersion":25,"isFirstUsage":false,"configFileType":"none","isCI":false,"isPagesCI":false,"isWorkersCI":false,"isInteractive":false,"hasAssets":false,"agent":"antigravity","argsUsed":["inspectorPort","port"],"argsCombination":"inspectorPort, port","sanitizedCommand":"dev","sanitizedArgs":{},"currentAgentSkillsInstalled":null}}
---

--- 2026-09-02T15:58:01.679Z debug
local dev variables file not found at ".dev.vars". Continuing... For more details, refer to https://developers.cloudflare.com/workers/wrangler/system-environment-variables/
---

--- 2026-09-02T15:58:01.694Z debug
.env file not found at "/home/subbu/Downloads/Projects/0BACKUP/Apptome/connectome/apps/stub-notes/.env". Continuing... For more details, refer to https://developers.cloudflare.com/workers/wrangler/system-environment-variables/
---

--- 2026-09-02T15:58:01.703Z debug
.env file not found at "/home/subbu/Downloads/Projects/0BACKUP/Apptome/connectome/apps/stub-notes/.env.local". Continuing... For more details, refer to https://developers.cloudflare.com/workers/wrangler/system-environment-variables/
---

--- 2026-09-02T15:58:02.752Z debug
Metrics dispatcher: Failed to send request: Forbidden
---

--- 2026-09-02T15:58:03.670Z debug
RemoteRuntimeController teardown beginning...
---

--- 2026-09-02T15:58:03.672Z debug
RemoteRuntimeController teardown complete
---

--- 2026-09-02T15:58:03.750Z log
⎔ Starting local server...
---

--- 2026-09-02T15:58:05.243Z log
Wrangler detected this dev session is running in an AI agent.
The Local Explorer API is available at http://localhost:8789/cdn-cgi/local/explorer/api
Useful routes:
  GET http://localhost:8789/cdn-cgi/local/explorer/api/local/workers - local Workers and bindings
  GET http://localhost:8789/cdn-cgi/local/explorer/api/storage/kv/namespaces - KV namespaces
  GET http://localhost:8789/cdn-cgi/local/explorer/api/d1/database - D1 databases
  GET http://localhost:8789/cdn-cgi/local/explorer/api/r2/buckets - R2 buckets
  GET http://localhost:8789/cdn-cgi/local/explorer/api/workers/durable_objects/namespaces - Durable Object namespaces
  GET http://localhost:8789/cdn-cgi/local/explorer/api/workflows - Workflows
  POST http://localhost:8789/cdn-cgi/local/explorer/api/local/observability/query - run a read-only SQL query (SELECT/WITH only) over captured request traces and console logs. Tables: spans, logs (read attributes via json(attributes)). Example:
    curl -X POST http://localhost:8789/cdn-cgi/local/explorer/api/local/observability/query -H 'Content-Type: application/json' -d '{"sql":"SELECT service, name, outcome, duration_ms FROM spans WHERE parent_id IS NULL LIMIT 20"}'
If the routes above don't cover what you need, fetch the full OpenAPI schema (large - use only as a last resort):
  GET http://localhost:8789/cdn-cgi/local/explorer/api - OpenAPI schema
---

--- 2026-09-02T15:58:05.594Z debug
[InspectorProxyWorker] handleProxyControllerIncomingMessage {"type":"reloadStart"}
---

--- 2026-09-02T15:58:08.677Z debug
[InspectorProxyWorker] handleProxyControllerIncomingMessage {"type":"reloadComplete","proxyData":{"userWorkerUrl":{"protocol":"http:","hostname":"127.0.0.1","port":"42469"},"userWorkerInspectorUrl":{"protocol":"ws:","hostname":"127.0.0.1","port":"39841","pathname":"/core:user:stub-notes"},"userWorkerInnerUrlOverrides":{"protocol":"http:"},"headers":{"MF-Proxy-Shared-Secret":"cadd2a44-4315-45e6-bb0b-8e5f16efdb05"},"liveReload":false,"proxyLogsToController":false}}
---

--- 2026-09-02T15:58:08.681Z debug
[InspectorProxyWorker] reconnectRuntimeWebSocket
---

--- 2026-09-02T15:58:08.684Z debug
[InspectorProxyWorker] NEW RUNTIME WEBSOCKET http://127.0.0.1:39841/core:user:stub-notes
---

--- 2026-09-02T15:58:08.689Z debug
[InspectorProxyWorker] SEND TO DEVTOOLS {"method":"Runtime.executionContextsCleared"}
---

--- 2026-09-02T15:58:08.711Z debug
[InspectorProxyWorker] RUNTIME WEBSOCKET OPENED
---

--- 2026-09-02T15:58:08.719Z debug
[InspectorProxyWorker] SEND TO RUNTIME {"method":"Runtime.enable","id":100000001}
---

--- 2026-09-02T15:58:08.725Z debug
[InspectorProxyWorker] RUNTIME INCOMING MESSAGE {
  method: 'Runtime.executionContextCreated',
  params: {
    context: {
      id: 250893761,
      origin: '',
      name: 'Worker',
      uniqueId: '-3132988091738625364.3469967596703995428'
    }
  }
}
---

--- 2026-09-02T15:58:08.730Z debug
[InspectorProxyWorker] RUNTIME INCOMING MESSAGE { id: 100000001, result: {} }
---

--- 2026-09-02T15:58:18.705Z debug
[InspectorProxyWorker] SEND TO RUNTIME {"method":"Runtime.getIsolateId","id":100000002}
---

--- 2026-09-02T15:58:18.710Z debug
[InspectorProxyWorker] RUNTIME INCOMING MESSAGE { id: 100000002, result: { id: 'cce6468fb1ce6e6b' } }
---

--- 2026-09-02T15:58:28.693Z debug
[InspectorProxyWorker] SEND TO RUNTIME {"method":"Runtime.getIsolateId","id":100000003}
---

--- 2026-09-02T15:58:28.696Z debug
[InspectorProxyWorker] RUNTIME INCOMING MESSAGE { id: 100000003, result: { id: 'cce6468fb1ce6e6b' } }
---

--- 2026-09-02T15:58:38.701Z debug
[InspectorProxyWorker] SEND TO RUNTIME {"method":"Runtime.getIsolateId","id":100000004}
---

--- 2026-09-02T15:58:38.705Z debug
[InspectorProxyWorker] RUNTIME INCOMING MESSAGE { id: 100000004, result: { id: 'cce6468fb1ce6e6b' } }
---
