
--- 2026-09-02T15:46:45.213Z debug
🪵  Writing logs to "/home/subbu/Downloads/Projects/0BACKUP/Apptome/scratch/home/.config/.wrangler/logs/wrangler-2026-09-02_15-46-41_966.log"
---

--- 2026-09-02T15:46:45.213Z warn
▲ [WARNING] Proxy environment variables detected. We'll use your proxy for fetch requests.


---

--- 2026-09-02T15:46:45.532Z debug
.env file not found at "/home/subbu/Downloads/Projects/0BACKUP/Apptome/connectome/hub/gateway/.env". Continuing... For more details, refer to https://developers.cloudflare.com/workers/wrangler/system-environment-variables/
---

--- 2026-09-02T15:46:45.533Z debug
.env file not found at "/home/subbu/Downloads/Projects/0BACKUP/Apptome/connectome/hub/gateway/.env.local". Continuing... For more details, refer to https://developers.cloudflare.com/workers/wrangler/system-environment-variables/
---

--- 2026-09-02T15:46:45.817Z log

 ⛅️ wrangler 4.127.1
────────────────────
---

--- 2026-09-02T15:46:45.887Z debug
setting config
---

--- 2026-09-02T15:46:45.887Z debug
Updating config... undefined undefined
---

--- 2026-09-02T15:46:45.931Z debug
Metrics dispatcher: Posting data {"deviceId":"f58915be-3f65-4b52-972b-267e607c74ec","event":"wrangler command started","timestamp":1788364005930,"properties":{"amplitude_session_id":1788364005820,"amplitude_event_id":0,"wranglerVersion":"4.127.1","wranglerMajorVersion":4,"wranglerMinorVersion":127,"wranglerPatchVersion":1,"osPlatform":"Linux","osVersion":"#30~24.04.1-Ubuntu SMP PREEMPT_DYNAMIC Fri Aug  7 13:27:52 UTC 2","nodeVersion":25,"isFirstUsage":false,"configFileType":"none","isCI":false,"isPagesCI":false,"isWorkersCI":false,"isInteractive":true,"hasAssets":false,"agent":"antigravity","argsUsed":["inspectorPort","port","var"],"argsCombination":"inspectorPort, port, var","sanitizedCommand":"dev","sanitizedArgs":{},"currentAgentSkillsInstalled":null}}
---

--- 2026-09-02T15:46:46.112Z debug
local dev variables file not found at ".dev.vars". Continuing... For more details, refer to https://developers.cloudflare.com/workers/wrangler/system-environment-variables/
---

--- 2026-09-02T15:46:46.114Z debug
.env file not found at "/home/subbu/Downloads/Projects/0BACKUP/Apptome/connectome/hub/gateway/.env". Continuing... For more details, refer to https://developers.cloudflare.com/workers/wrangler/system-environment-variables/
---

--- 2026-09-02T15:46:46.115Z debug
.env file not found at "/home/subbu/Downloads/Projects/0BACKUP/Apptome/connectome/hub/gateway/.env.local". Continuing... For more details, refer to https://developers.cloudflare.com/workers/wrangler/system-environment-variables/
---

--- 2026-09-02T15:46:46.131Z log
Your Worker has access to the following bindings:
---

--- 2026-09-02T15:46:46.140Z log
Binding                                     Resource                      Mode
---

--- 2026-09-02T15:46:46.141Z log
env.HUB (HubDO)                             Durable Object                local
---

--- 2026-09-02T15:46:46.141Z log
env.MANIFESTS                               KV Namespace                  local
---

--- 2026-09-02T15:46:46.144Z log
env.METRICS (connectome-audit)              Analytics Engine Dataset      local
---

--- 2026-09-02T15:46:46.152Z log
env.RATE_LIMIT (60 requests/10s)            Rate Limit                    local
---

--- 2026-09-02T15:46:46.156Z log
env.PAIR_LIMIT (8 requests/60s)             Rate Limit                    local
---

--- 2026-09-02T15:46:46.156Z log
env.ENVIRONMENT ("(hidden)")                Environment Variable          local
---

--- 2026-09-02T15:46:46.158Z log
env.SURFACE_ORIGIN ("(hidden)")             Environment Variable          local
---

--- 2026-09-02T15:46:46.162Z log
env.ALLOWED_ORIGINS ("(hidden)")            Environment Variable          local
---

--- 2026-09-02T15:46:46.164Z log

---

--- 2026-09-02T15:46:46.413Z debug
Metrics dispatcher: Failed to send request: Forbidden
---

--- 2026-09-02T15:46:50.051Z debug
Writing additional module to output /home/subbu/Downloads/Projects/0BACKUP/Apptome/connectome/hub/gateway/.wrangler/tmp/dev-gc3twy/bd797a7d89e0da28c4ed19a5b3ae3ac94e02fec7-protocol.js.txt
---

--- 2026-09-02T15:46:50.057Z debug
Writing additional module to output /home/subbu/Downloads/Projects/0BACKUP/Apptome/connectome/hub/gateway/.wrangler/tmp/dev-gc3twy/cb1cbaf2566f6c4fde781c2fd73bf73aa6499839-bridge.js.txt
---

--- 2026-09-02T15:46:50.062Z debug
Writing additional module to output /home/subbu/Downloads/Projects/0BACKUP/Apptome/connectome/hub/gateway/.wrangler/tmp/dev-gc3twy/957752f6dfd1609897bc054e45402daedac11b93-webmcp-polyfill.js.txt
---

--- 2026-09-02T15:46:50.084Z debug
RemoteRuntimeController teardown beginning...
---

--- 2026-09-02T15:46:50.086Z debug
RemoteRuntimeController teardown complete
---

--- 2026-09-02T15:46:50.158Z log
⎔ Starting local server...
---

--- 2026-09-02T15:46:50.189Z debug
[InspectorProxyWorker] handleProxyControllerIncomingMessage {"type":"reloadStart"}
---

--- 2026-09-02T15:46:51.626Z debug
[InspectorProxyWorker] handleProxyControllerIncomingMessage {"type":"reloadComplete","proxyData":{"userWorkerUrl":{"protocol":"http:","hostname":"127.0.0.1","port":"45199"},"userWorkerInspectorUrl":{"protocol":"ws:","hostname":"127.0.0.1","port":"34365","pathname":"/core:user:connectome-gateway"},"userWorkerInnerUrlOverrides":{"protocol":"http:"},"headers":{"MF-Proxy-Shared-Secret":"515113c2-f27a-48d7-8db5-747736ac3a1f"},"liveReload":false,"proxyLogsToController":false}}
---

--- 2026-09-02T15:46:51.632Z debug
[InspectorProxyWorker] reconnectRuntimeWebSocket
---

--- 2026-09-02T15:46:51.638Z debug
[InspectorProxyWorker] NEW RUNTIME WEBSOCKET http://127.0.0.1:34365/core:user:connectome-gateway
---

--- 2026-09-02T15:46:51.643Z debug
[InspectorProxyWorker] SEND TO DEVTOOLS {"method":"Runtime.executionContextsCleared"}
---

--- 2026-09-02T15:46:51.654Z debug
[InspectorProxyWorker] RUNTIME WEBSOCKET OPENED
---

--- 2026-09-02T15:46:51.657Z debug
[InspectorProxyWorker] SEND TO RUNTIME {"method":"Runtime.enable","id":100000001}
---

--- 2026-09-02T15:46:51.661Z debug
[InspectorProxyWorker] RUNTIME INCOMING MESSAGE {
  method: 'Runtime.executionContextCreated',
  params: {
    context: {
      id: 492713537,
      origin: '',
      name: 'Worker',
      uniqueId: '687386664914438404.5218416334195694377'
    }
  }
}
---

--- 2026-09-02T15:46:51.664Z debug
[InspectorProxyWorker] RUNTIME INCOMING MESSAGE { id: 100000001, result: {} }
---

--- 2026-09-02T15:47:01.631Z debug
[InspectorProxyWorker] SEND TO RUNTIME {"method":"Runtime.getIsolateId","id":100000002}
---

--- 2026-09-02T15:47:01.632Z debug
[InspectorProxyWorker] RUNTIME INCOMING MESSAGE { id: 100000002, result: { id: 'da1dc7cc5541557a' } }
---

--- 2026-09-02T15:47:11.637Z debug
[InspectorProxyWorker] SEND TO RUNTIME {"method":"Runtime.getIsolateId","id":100000003}
---

--- 2026-09-02T15:47:11.639Z debug
[InspectorProxyWorker] RUNTIME INCOMING MESSAGE { id: 100000003, result: { id: 'da1dc7cc5541557a' } }
---

--- 2026-09-02T15:47:21.643Z debug
[InspectorProxyWorker] SEND TO RUNTIME {"method":"Runtime.getIsolateId","id":100000004}
---

--- 2026-09-02T15:47:21.647Z debug
[InspectorProxyWorker] RUNTIME INCOMING MESSAGE { id: 100000004, result: { id: 'da1dc7cc5541557a' } }
---

--- 2026-09-02T15:47:31.646Z debug
[InspectorProxyWorker] SEND TO RUNTIME {"method":"Runtime.getIsolateId","id":100000005}
---

--- 2026-09-02T15:47:31.650Z debug
[InspectorProxyWorker] RUNTIME INCOMING MESSAGE { id: 100000005, result: { id: 'da1dc7cc5541557a' } }
---

--- 2026-09-02T15:47:41.653Z debug
[InspectorProxyWorker] SEND TO RUNTIME {"method":"Runtime.getIsolateId","id":100000006}
---

--- 2026-09-02T15:47:41.655Z debug
[InspectorProxyWorker] RUNTIME INCOMING MESSAGE { id: 100000006, result: { id: 'da1dc7cc5541557a' } }
---

--- 2026-09-02T15:47:51.661Z debug
[InspectorProxyWorker] SEND TO RUNTIME {"method":"Runtime.getIsolateId","id":100000007}
---

--- 2026-09-02T15:47:51.663Z debug
[InspectorProxyWorker] RUNTIME INCOMING MESSAGE { id: 100000007, result: { id: 'da1dc7cc5541557a' } }
---

--- 2026-09-02T15:48:01.665Z debug
[InspectorProxyWorker] SEND TO RUNTIME {"method":"Runtime.getIsolateId","id":100000008}
---

--- 2026-09-02T15:48:01.669Z debug
[InspectorProxyWorker] RUNTIME INCOMING MESSAGE { id: 100000008, result: { id: 'da1dc7cc5541557a' } }
---
