
--- 2026-09-02T15:52:50.222Z debug
🪵  Writing logs to "/home/subbu/Downloads/Projects/0BACKUP/Apptome/scratch/home/.config/.wrangler/logs/wrangler-2026-09-02_15-52-47_496.log"
---

--- 2026-09-02T15:52:50.218Z warn
▲ [WARNING] Proxy environment variables detected. We'll use your proxy for fetch requests.


---

--- 2026-09-02T15:52:50.379Z debug
.env file not found at "/home/subbu/Downloads/Projects/0BACKUP/Apptome/connectome/apps/stub-notes/.env". Continuing... For more details, refer to https://developers.cloudflare.com/workers/wrangler/system-environment-variables/
---

--- 2026-09-02T15:52:50.380Z debug
.env file not found at "/home/subbu/Downloads/Projects/0BACKUP/Apptome/connectome/apps/stub-notes/.env.local". Continuing... For more details, refer to https://developers.cloudflare.com/workers/wrangler/system-environment-variables/
---

--- 2026-09-02T15:52:50.495Z log

 ⛅️ wrangler 4.127.1
────────────────────
---

--- 2026-09-02T15:52:50.579Z debug
setting config
---

--- 2026-09-02T15:52:50.579Z debug
Updating config... undefined undefined
---

--- 2026-09-02T15:52:50.615Z debug
Metrics dispatcher: Posting data {"deviceId":"f58915be-3f65-4b52-972b-267e607c74ec","event":"wrangler command started","timestamp":1788364370615,"properties":{"amplitude_session_id":1788364370497,"amplitude_event_id":0,"wranglerVersion":"4.127.1","wranglerMajorVersion":4,"wranglerMinorVersion":127,"wranglerPatchVersion":1,"osPlatform":"Linux","osVersion":"#30~24.04.1-Ubuntu SMP PREEMPT_DYNAMIC Fri Aug  7 13:27:52 UTC 2","nodeVersion":25,"isFirstUsage":false,"configFileType":"none","isCI":false,"isPagesCI":false,"isWorkersCI":false,"isInteractive":false,"hasAssets":false,"agent":"antigravity","argsUsed":["inspectorPort","port"],"argsCombination":"inspectorPort, port","sanitizedCommand":"dev","sanitizedArgs":{},"currentAgentSkillsInstalled":null}}
---

--- 2026-09-02T15:52:50.761Z debug
local dev variables file not found at ".dev.vars". Continuing... For more details, refer to https://developers.cloudflare.com/workers/wrangler/system-environment-variables/
---

--- 2026-09-02T15:52:50.762Z debug
.env file not found at "/home/subbu/Downloads/Projects/0BACKUP/Apptome/connectome/apps/stub-notes/.env". Continuing... For more details, refer to https://developers.cloudflare.com/workers/wrangler/system-environment-variables/
---

--- 2026-09-02T15:52:50.764Z debug
.env file not found at "/home/subbu/Downloads/Projects/0BACKUP/Apptome/connectome/apps/stub-notes/.env.local". Continuing... For more details, refer to https://developers.cloudflare.com/workers/wrangler/system-environment-variables/
---

--- 2026-09-02T15:52:50.968Z debug
Metrics dispatcher: Failed to send request: Forbidden
---

--- 2026-09-02T15:52:51.655Z debug
RemoteRuntimeController teardown beginning...
---

--- 2026-09-02T15:52:51.655Z debug
RemoteRuntimeController teardown complete
---

--- 2026-09-02T15:52:51.746Z log
⎔ Starting local server...
---

--- 2026-09-02T15:52:52.690Z log
Wrangler detected this dev session is running in an AI agent.
The Local Explorer API is available at http://localhost:8789/cdn-cgi/local/explorer/api
Useful routes:
  GET http://localhost:8789/cdn-cgi/local/explorer/api/local/workers - local Workers and bindings
  GET http://localhost:8789/cdn-cgi/local/explorer/api/storage/kv/namespaces - KV namespaces
  GET http://localhost:8789/cdn-cgi/local/explorer/api/d1/database - D1 databases
  GET http://localhost:8789/cdn-cgi/local/explorer/api/r2/buckets - R2 buckets
  GET http://localhost:8789/cdn-cgi/local/explorer/api/workers/durable_objects/namespaces - Durable Object namespaces
  GET http://localhost:8789/cdn-cgi/local/explorer/api/workflows - Workflows
  POST http://localhost:8789/cdn-cgi/local/explorer/api/local/observability/query - run a read-only SQL query (SELECT/WITH only) over captured request traces and console logs. Tables: spans, logs (read attributes via json(attributes)). Example:
    curl -X POST http://localhost:8789/cdn-cgi/local/explorer/api/local/observability/query -H 'Content-Type: application/json' -d '{"sql":"SELECT service, name, outcome, duration_ms FROM spans WHERE parent_id IS NULL LIMIT 20"}'
If the routes above don't cover what you need, fetch the full OpenAPI schema (large - use only as a last resort):
  GET http://localhost:8789/cdn-cgi/local/explorer/api - OpenAPI schema
---

--- 2026-09-02T15:52:52.796Z debug
[InspectorProxyWorker] handleProxyControllerIncomingMessage {"type":"reloadStart"}
---

--- 2026-09-02T15:52:53.838Z debug
[InspectorProxyWorker] handleProxyControllerIncomingMessage {"type":"reloadComplete","proxyData":{"userWorkerUrl":{"protocol":"http:","hostname":"127.0.0.1","port":"35319"},"userWorkerInspectorUrl":{"protocol":"ws:","hostname":"127.0.0.1","port":"34345","pathname":"/core:user:stub-notes"},"userWorkerInnerUrlOverrides":{"protocol":"http:"},"headers":{"MF-Proxy-Shared-Secret":"ec9c28e9-b590-497c-a94c-d527db56e728"},"liveReload":false,"proxyLogsToController":false}}
---

--- 2026-09-02T15:52:53.851Z debug
[InspectorProxyWorker] reconnectRuntimeWebSocket
---

--- 2026-09-02T15:52:53.853Z debug
[InspectorProxyWorker] NEW RUNTIME WEBSOCKET http://127.0.0.1:34345/core:user:stub-notes
---

--- 2026-09-02T15:52:53.855Z debug
[InspectorProxyWorker] SEND TO DEVTOOLS {"method":"Runtime.executionContextsCleared"}
---

--- 2026-09-02T15:52:53.860Z debug
[InspectorProxyWorker] RUNTIME WEBSOCKET OPENED
---

--- 2026-09-02T15:52:53.864Z debug
[InspectorProxyWorker] SEND TO RUNTIME {"method":"Runtime.enable","id":100000001}
---

--- 2026-09-02T15:52:53.868Z debug
[InspectorProxyWorker] RUNTIME INCOMING MESSAGE {
  method: 'Runtime.executionContextCreated',
  params: {
    context: {
      id: 44507713,
      origin: '',
      name: 'Worker',
      uniqueId: '-1978521242325476003.-5725273220950070346'
    }
  }
}
---

--- 2026-09-02T15:52:53.871Z debug
[InspectorProxyWorker] RUNTIME INCOMING MESSAGE { id: 100000001, result: {} }
---

--- 2026-09-02T15:53:03.849Z debug
[InspectorProxyWorker] SEND TO RUNTIME {"method":"Runtime.getIsolateId","id":100000002}
---

--- 2026-09-02T15:53:03.852Z debug
[InspectorProxyWorker] RUNTIME INCOMING MESSAGE { id: 100000002, result: { id: '2a656286bf17caf0' } }
---

--- 2026-09-02T15:53:13.853Z debug
[InspectorProxyWorker] SEND TO RUNTIME {"method":"Runtime.getIsolateId","id":100000003}
---

--- 2026-09-02T15:53:13.858Z debug
[InspectorProxyWorker] RUNTIME INCOMING MESSAGE { id: 100000003, result: { id: '2a656286bf17caf0' } }
---

--- 2026-09-02T15:53:23.867Z debug
[InspectorProxyWorker] SEND TO RUNTIME {"method":"Runtime.getIsolateId","id":100000004}
---

--- 2026-09-02T15:53:23.876Z debug
[InspectorProxyWorker] RUNTIME INCOMING MESSAGE { id: 100000004, result: { id: '2a656286bf17caf0' } }
---
