
--- 2026-09-02T16:03:34.144Z debug
🪵  Writing logs to "/home/subbu/Downloads/Projects/0BACKUP/Apptome/scratch/home/.config/.wrangler/logs/wrangler-2026-09-02_16-03-30_816.log"
---

--- 2026-09-02T16:03:34.143Z warn
▲ [WARNING] Proxy environment variables detected. We'll use your proxy for fetch requests.


---

--- 2026-09-02T16:03:35.086Z debug
.env file not found at "/home/subbu/Downloads/Projects/0BACKUP/Apptome/connectome/apps/stub-crm/.env". Continuing... For more details, refer to https://developers.cloudflare.com/workers/wrangler/system-environment-variables/
---

--- 2026-09-02T16:03:35.089Z debug
.env file not found at "/home/subbu/Downloads/Projects/0BACKUP/Apptome/connectome/apps/stub-crm/.env.local". Continuing... For more details, refer to https://developers.cloudflare.com/workers/wrangler/system-environment-variables/
---

--- 2026-09-02T16:03:35.721Z log

 ⛅️ wrangler 4.127.1
────────────────────
---

--- 2026-09-02T16:03:36.033Z debug
setting config
---

--- 2026-09-02T16:03:36.036Z debug
Updating config... undefined undefined
---

--- 2026-09-02T16:03:36.128Z debug
Metrics dispatcher: Posting data {"deviceId":"f58915be-3f65-4b52-972b-267e607c74ec","event":"wrangler command started","timestamp":1788365016127,"properties":{"amplitude_session_id":1788365015730,"amplitude_event_id":0,"wranglerVersion":"4.127.1","wranglerMajorVersion":4,"wranglerMinorVersion":127,"wranglerPatchVersion":1,"osPlatform":"Linux","osVersion":"#30~24.04.1-Ubuntu SMP PREEMPT_DYNAMIC Fri Aug  7 13:27:52 UTC 2","nodeVersion":25,"isFirstUsage":false,"configFileType":"none","isCI":false,"isPagesCI":false,"isWorkersCI":false,"isInteractive":false,"hasAssets":false,"agent":"antigravity","argsUsed":["inspectorPort","port"],"argsCombination":"inspectorPort, port","sanitizedCommand":"dev","sanitizedArgs":{},"currentAgentSkillsInstalled":null}}
---

--- 2026-09-02T16:03:36.599Z debug
local dev variables file not found at ".dev.vars". Continuing... For more details, refer to https://developers.cloudflare.com/workers/wrangler/system-environment-variables/
---

--- 2026-09-02T16:03:36.603Z debug
.env file not found at "/home/subbu/Downloads/Projects/0BACKUP/Apptome/connectome/apps/stub-crm/.env". Continuing... For more details, refer to https://developers.cloudflare.com/workers/wrangler/system-environment-variables/
---

--- 2026-09-02T16:03:36.603Z debug
.env file not found at "/home/subbu/Downloads/Projects/0BACKUP/Apptome/connectome/apps/stub-crm/.env.local". Continuing... For more details, refer to https://developers.cloudflare.com/workers/wrangler/system-environment-variables/
---

--- 2026-09-02T16:03:37.197Z debug
Metrics dispatcher: Failed to send request: Forbidden
---

--- 2026-09-02T16:03:38.976Z debug
RemoteRuntimeController teardown beginning...
---

--- 2026-09-02T16:03:38.977Z debug
RemoteRuntimeController teardown complete
---

--- 2026-09-02T16:03:39.036Z log
⎔ Starting local server...
---

--- 2026-09-02T16:03:41.141Z log
Wrangler detected this dev session is running in an AI agent.
The Local Explorer API is available at http://localhost:8787/cdn-cgi/local/explorer/api
Useful routes:
  GET http://localhost:8787/cdn-cgi/local/explorer/api/local/workers - local Workers and bindings
  GET http://localhost:8787/cdn-cgi/local/explorer/api/storage/kv/namespaces - KV namespaces
  GET http://localhost:8787/cdn-cgi/local/explorer/api/d1/database - D1 databases
  GET http://localhost:8787/cdn-cgi/local/explorer/api/r2/buckets - R2 buckets
  GET http://localhost:8787/cdn-cgi/local/explorer/api/workers/durable_objects/namespaces - Durable Object namespaces
  GET http://localhost:8787/cdn-cgi/local/explorer/api/workflows - Workflows
  POST http://localhost:8787/cdn-cgi/local/explorer/api/local/observability/query - run a read-only SQL query (SELECT/WITH only) over captured request traces and console logs. Tables: spans, logs (read attributes via json(attributes)). Example:
    curl -X POST http://localhost:8787/cdn-cgi/local/explorer/api/local/observability/query -H 'Content-Type: application/json' -d '{"sql":"SELECT service, name, outcome, duration_ms FROM spans WHERE parent_id IS NULL LIMIT 20"}'
If the routes above don't cover what you need, fetch the full OpenAPI schema (large - use only as a last resort):
  GET http://localhost:8787/cdn-cgi/local/explorer/api - OpenAPI schema
---

--- 2026-09-02T16:03:41.367Z debug
[InspectorProxyWorker] handleProxyControllerIncomingMessage {"type":"reloadStart"}
---

--- 2026-09-02T16:03:42.400Z debug
[InspectorProxyWorker] handleProxyControllerIncomingMessage {"type":"reloadComplete","proxyData":{"userWorkerUrl":{"protocol":"http:","hostname":"127.0.0.1","port":"44275"},"userWorkerInspectorUrl":{"protocol":"ws:","hostname":"127.0.0.1","port":"46793","pathname":"/core:user:stub-crm"},"userWorkerInnerUrlOverrides":{"protocol":"http:"},"headers":{"MF-Proxy-Shared-Secret":"7b5fceb4-81af-49b8-8d08-045b01d7f8a3"},"liveReload":false,"proxyLogsToController":false}}
---

--- 2026-09-02T16:03:42.415Z debug
[InspectorProxyWorker] reconnectRuntimeWebSocket
---

--- 2026-09-02T16:03:42.427Z debug
[InspectorProxyWorker] NEW RUNTIME WEBSOCKET http://127.0.0.1:46793/core:user:stub-crm
---

--- 2026-09-02T16:03:42.435Z debug
[InspectorProxyWorker] SEND TO DEVTOOLS {"method":"Runtime.executionContextsCleared"}
---

--- 2026-09-02T16:03:42.452Z debug
[InspectorProxyWorker] RUNTIME INCOMING MESSAGE {
  method: 'Runtime.executionContextCreated',
  params: {
    context: {
      id: 9421025,
      origin: '',
      name: 'Worker',
      uniqueId: '1326970095102984370.8641557565516782283'
    }
  }
}
---

--- 2026-09-02T16:03:42.472Z debug
[InspectorProxyWorker] RUNTIME WEBSOCKET OPENED
---

--- 2026-09-02T16:03:42.485Z debug
[InspectorProxyWorker] SEND TO RUNTIME {"method":"Runtime.enable","id":100000001}
---

--- 2026-09-02T16:03:42.495Z debug
[InspectorProxyWorker] RUNTIME INCOMING MESSAGE { id: 100000001, result: {} }
---

--- 2026-09-02T16:03:52.413Z debug
[InspectorProxyWorker] SEND TO RUNTIME {"method":"Runtime.getIsolateId","id":100000002}
---

--- 2026-09-02T16:03:52.417Z debug
[InspectorProxyWorker] RUNTIME INCOMING MESSAGE { id: 100000002, result: { id: 'bb025162b92c2ad8' } }
---

--- 2026-09-02T16:04:02.419Z debug
[InspectorProxyWorker] SEND TO RUNTIME {"method":"Runtime.getIsolateId","id":100000003}
---

--- 2026-09-02T16:04:02.423Z debug
[InspectorProxyWorker] RUNTIME INCOMING MESSAGE { id: 100000003, result: { id: 'bb025162b92c2ad8' } }
---

--- 2026-09-02T16:04:12.421Z debug
[InspectorProxyWorker] SEND TO RUNTIME {"method":"Runtime.getIsolateId","id":100000004}
---

--- 2026-09-02T16:04:12.425Z debug
[InspectorProxyWorker] RUNTIME INCOMING MESSAGE { id: 100000004, result: { id: 'bb025162b92c2ad8' } }
---

--- 2026-09-02T16:04:22.426Z debug
[InspectorProxyWorker] SEND TO RUNTIME {"method":"Runtime.getIsolateId","id":100000005}
---

--- 2026-09-02T16:04:22.427Z debug
[InspectorProxyWorker] RUNTIME INCOMING MESSAGE { id: 100000005, result: { id: 'bb025162b92c2ad8' } }
---
