
--- 2026-09-02T16:18:41.103Z debug
🪵  Writing logs to "/home/subbu/Downloads/Projects/0BACKUP/Apptome/scratch/home/.config/.wrangler/logs/wrangler-2026-09-02_16-18-39_271.log"
---

--- 2026-09-02T16:18:41.102Z warn
▲ [WARNING] Proxy environment variables detected. We'll use your proxy for fetch requests.


---

--- 2026-09-02T16:18:41.272Z debug
.env file not found at "/home/subbu/Downloads/Projects/0BACKUP/Apptome/connectome/apps/stub-invoicing/.env". Continuing... For more details, refer to https://developers.cloudflare.com/workers/wrangler/system-environment-variables/
---

--- 2026-09-02T16:18:41.273Z debug
.env file not found at "/home/subbu/Downloads/Projects/0BACKUP/Apptome/connectome/apps/stub-invoicing/.env.local". Continuing... For more details, refer to https://developers.cloudflare.com/workers/wrangler/system-environment-variables/
---

--- 2026-09-02T16:18:41.395Z log

 ⛅️ wrangler 4.127.1
────────────────────
---

--- 2026-09-02T16:18:41.460Z debug
setting config
---

--- 2026-09-02T16:18:41.463Z debug
Updating config... undefined undefined
---

--- 2026-09-02T16:18:41.491Z debug
Metrics dispatcher: Posting data {"deviceId":"f58915be-3f65-4b52-972b-267e607c74ec","event":"wrangler command started","timestamp":1788365921491,"properties":{"amplitude_session_id":1788365921396,"amplitude_event_id":0,"wranglerVersion":"4.127.1","wranglerMajorVersion":4,"wranglerMinorVersion":127,"wranglerPatchVersion":1,"osPlatform":"Linux","osVersion":"#30~24.04.1-Ubuntu SMP PREEMPT_DYNAMIC Fri Aug  7 13:27:52 UTC 2","nodeVersion":25,"isFirstUsage":false,"configFileType":"none","isCI":false,"isPagesCI":false,"isWorkersCI":false,"isInteractive":false,"hasAssets":false,"agent":"antigravity","argsUsed":["inspectorPort","port"],"argsCombination":"inspectorPort, port","sanitizedCommand":"dev","sanitizedArgs":{},"currentAgentSkillsInstalled":null}}
---

--- 2026-09-02T16:18:41.620Z debug
local dev variables file not found at ".dev.vars". Continuing... For more details, refer to https://developers.cloudflare.com/workers/wrangler/system-environment-variables/
---

--- 2026-09-02T16:18:41.622Z debug
.env file not found at "/home/subbu/Downloads/Projects/0BACKUP/Apptome/connectome/apps/stub-invoicing/.env". Continuing... For more details, refer to https://developers.cloudflare.com/workers/wrangler/system-environment-variables/
---

--- 2026-09-02T16:18:41.622Z debug
.env file not found at "/home/subbu/Downloads/Projects/0BACKUP/Apptome/connectome/apps/stub-invoicing/.env.local". Continuing... For more details, refer to https://developers.cloudflare.com/workers/wrangler/system-environment-variables/
---

--- 2026-09-02T16:18:41.834Z debug
Metrics dispatcher: Failed to send request: Forbidden
---

--- 2026-09-02T16:18:42.210Z debug
RemoteRuntimeController teardown beginning...
---

--- 2026-09-02T16:18:42.211Z debug
RemoteRuntimeController teardown complete
---

--- 2026-09-02T16:18:42.227Z log
⎔ Starting local server...
---

--- 2026-09-02T16:18:43.428Z log
Wrangler detected this dev session is running in an AI agent.
The Local Explorer API is available at http://localhost:8788/cdn-cgi/local/explorer/api
Useful routes:
  GET http://localhost:8788/cdn-cgi/local/explorer/api/local/workers - local Workers and bindings
  GET http://localhost:8788/cdn-cgi/local/explorer/api/storage/kv/namespaces - KV namespaces
  GET http://localhost:8788/cdn-cgi/local/explorer/api/d1/database - D1 databases
  GET http://localhost:8788/cdn-cgi/local/explorer/api/r2/buckets - R2 buckets
  GET http://localhost:8788/cdn-cgi/local/explorer/api/workers/durable_objects/namespaces - Durable Object namespaces
  GET http://localhost:8788/cdn-cgi/local/explorer/api/workflows - Workflows
  POST http://localhost:8788/cdn-cgi/local/explorer/api/local/observability/query - run a read-only SQL query (SELECT/WITH only) over captured request traces and console logs. Tables: spans, logs (read attributes via json(attributes)). Example:
    curl -X POST http://localhost:8788/cdn-cgi/local/explorer/api/local/observability/query -H 'Content-Type: application/json' -d '{"sql":"SELECT service, name, outcome, duration_ms FROM spans WHERE parent_id IS NULL LIMIT 20"}'
If the routes above don't cover what you need, fetch the full OpenAPI schema (large - use only as a last resort):
  GET http://localhost:8788/cdn-cgi/local/explorer/api - OpenAPI schema
---

--- 2026-09-02T16:18:43.645Z debug
[InspectorProxyWorker] handleProxyControllerIncomingMessage {"type":"reloadStart"}
---

--- 2026-09-02T16:18:45.139Z debug
[InspectorProxyWorker] handleProxyControllerIncomingMessage {"type":"reloadComplete","proxyData":{"userWorkerUrl":{"protocol":"http:","hostname":"127.0.0.1","port":"41873"},"userWorkerInspectorUrl":{"protocol":"ws:","hostname":"127.0.0.1","port":"39749","pathname":"/core:user:stub-invoicing"},"userWorkerInnerUrlOverrides":{"protocol":"http:"},"headers":{"MF-Proxy-Shared-Secret":"1ade03c9-8fbf-4415-ae00-2cce403a54a1"},"liveReload":false,"proxyLogsToController":false}}
---

--- 2026-09-02T16:18:45.162Z debug
[InspectorProxyWorker] reconnectRuntimeWebSocket
---

--- 2026-09-02T16:18:45.171Z debug
[InspectorProxyWorker] NEW RUNTIME WEBSOCKET http://127.0.0.1:39749/core:user:stub-invoicing
---

--- 2026-09-02T16:18:45.280Z debug
[InspectorProxyWorker] SEND TO DEVTOOLS {"method":"Runtime.executionContextsCleared"}
---

--- 2026-09-02T16:18:45.285Z debug
[InspectorProxyWorker] RUNTIME WEBSOCKET OPENED
---

--- 2026-09-02T16:18:45.298Z debug
[InspectorProxyWorker] SEND TO RUNTIME {"method":"Runtime.enable","id":100000001}
---

--- 2026-09-02T16:18:45.307Z debug
[InspectorProxyWorker] RUNTIME INCOMING MESSAGE {
  method: 'Runtime.executionContextCreated',
  params: {
    context: {
      id: 341213057,
      origin: '',
      name: 'Worker',
      uniqueId: '-8105621658824837309.-5019982654815341096'
    }
  }
}
---

--- 2026-09-02T16:18:45.312Z debug
[InspectorProxyWorker] RUNTIME INCOMING MESSAGE { id: 100000001, result: {} }
---
