
--- 2026-09-02T15:57:56.591Z debug
🪵  Writing logs to "/home/subbu/Downloads/Projects/0BACKUP/Apptome/scratch/home/.config/.wrangler/logs/wrangler-2026-09-02_15-57-51_844.log"
---

--- 2026-09-02T15:57:56.591Z warn
▲ [WARNING] Proxy environment variables detected. We'll use your proxy for fetch requests.


---

--- 2026-09-02T15:57:56.944Z debug
.env file not found at "/home/subbu/Downloads/Projects/0BACKUP/Apptome/connectome/apps/stub-crm/.env". Continuing... For more details, refer to https://developers.cloudflare.com/workers/wrangler/system-environment-variables/
---

--- 2026-09-02T15:57:56.945Z debug
.env file not found at "/home/subbu/Downloads/Projects/0BACKUP/Apptome/connectome/apps/stub-crm/.env.local". Continuing... For more details, refer to https://developers.cloudflare.com/workers/wrangler/system-environment-variables/
---

--- 2026-09-02T15:57:57.458Z log

 ⛅️ wrangler 4.127.1
────────────────────
---

--- 2026-09-02T15:57:57.656Z debug
setting config
---

--- 2026-09-02T15:57:57.662Z debug
Updating config... undefined undefined
---

--- 2026-09-02T15:57:57.790Z debug
Metrics dispatcher: Posting data {"deviceId":"f58915be-3f65-4b52-972b-267e607c74ec","event":"wrangler command started","timestamp":1788364677790,"properties":{"amplitude_session_id":1788364677467,"amplitude_event_id":0,"wranglerVersion":"4.127.1","wranglerMajorVersion":4,"wranglerMinorVersion":127,"wranglerPatchVersion":1,"osPlatform":"Linux","osVersion":"#30~24.04.1-Ubuntu SMP PREEMPT_DYNAMIC Fri Aug  7 13:27:52 UTC 2","nodeVersion":25,"isFirstUsage":false,"configFileType":"none","isCI":false,"isPagesCI":false,"isWorkersCI":false,"isInteractive":false,"hasAssets":false,"agent":"antigravity","argsUsed":["inspectorPort","port"],"argsCombination":"inspectorPort, port","sanitizedCommand":"dev","sanitizedArgs":{},"currentAgentSkillsInstalled":null}}
---

--- 2026-09-02T15:57:58.169Z debug
local dev variables file not found at ".dev.vars". Continuing... For more details, refer to https://developers.cloudflare.com/workers/wrangler/system-environment-variables/
---

--- 2026-09-02T15:57:58.170Z debug
.env file not found at "/home/subbu/Downloads/Projects/0BACKUP/Apptome/connectome/apps/stub-crm/.env". Continuing... For more details, refer to https://developers.cloudflare.com/workers/wrangler/system-environment-variables/
---

--- 2026-09-02T15:57:58.171Z debug
.env file not found at "/home/subbu/Downloads/Projects/0BACKUP/Apptome/connectome/apps/stub-crm/.env.local". Continuing... For more details, refer to https://developers.cloudflare.com/workers/wrangler/system-environment-variables/
---

--- 2026-09-02T15:57:58.684Z debug
Metrics dispatcher: Failed to send request: Forbidden
---

--- 2026-09-02T15:57:59.977Z debug
RemoteRuntimeController teardown beginning...
---

--- 2026-09-02T15:57:59.979Z debug
RemoteRuntimeController teardown complete
---

--- 2026-09-02T15:58:00.124Z log
⎔ Starting local server...
---

--- 2026-09-02T15:58:01.279Z log
Wrangler detected this dev session is running in an AI agent.
The Local Explorer API is available at http://localhost:8787/cdn-cgi/local/explorer/api
Useful routes:
  GET http://localhost:8787/cdn-cgi/local/explorer/api/local/workers - local Workers and bindings
  GET http://localhost:8787/cdn-cgi/local/explorer/api/storage/kv/namespaces - KV namespaces
  GET http://localhost:8787/cdn-cgi/local/explorer/api/d1/database - D1 databases
  GET http://localhost:8787/cdn-cgi/local/explorer/api/r2/buckets - R2 buckets
  GET http://localhost:8787/cdn-cgi/local/explorer/api/workers/durable_objects/namespaces - Durable Object namespaces
  GET http://localhost:8787/cdn-cgi/local/explorer/api/workflows - Workflows
  POST http://localhost:8787/cdn-cgi/local/explorer/api/local/observability/query - run a read-only SQL query (SELECT/WITH only) over captured request traces and console logs. Tables: spans, logs (read attributes via json(attributes)). Example:
    curl -X POST http://localhost:8787/cdn-cgi/local/explorer/api/local/observability/query -H 'Content-Type: application/json' -d '{"sql":"SELECT service, name, outcome, duration_ms FROM spans WHERE parent_id IS NULL LIMIT 20"}'
If the routes above don't cover what you need, fetch the full OpenAPI schema (large - use only as a last resort):
  GET http://localhost:8787/cdn-cgi/local/explorer/api - OpenAPI schema
---

--- 2026-09-02T15:58:01.522Z debug
[InspectorProxyWorker] handleProxyControllerIncomingMessage {"type":"reloadStart"}
---

--- 2026-09-02T15:58:04.511Z debug
[InspectorProxyWorker] handleProxyControllerIncomingMessage {"type":"reloadComplete","proxyData":{"userWorkerUrl":{"protocol":"http:","hostname":"127.0.0.1","port":"33799"},"userWorkerInspectorUrl":{"protocol":"ws:","hostname":"127.0.0.1","port":"33765","pathname":"/core:user:stub-crm"},"userWorkerInnerUrlOverrides":{"protocol":"http:"},"headers":{"MF-Proxy-Shared-Secret":"3c8b4c9d-8bec-4e3f-9ced-c4f6e21483f7"},"liveReload":false,"proxyLogsToController":false}}
---

--- 2026-09-02T15:58:04.564Z debug
[InspectorProxyWorker] reconnectRuntimeWebSocket
---

--- 2026-09-02T15:58:04.584Z debug
[InspectorProxyWorker] NEW RUNTIME WEBSOCKET http://127.0.0.1:33765/core:user:stub-crm
---

--- 2026-09-02T15:58:04.627Z debug
[InspectorProxyWorker] SEND TO DEVTOOLS {"method":"Runtime.executionContextsCleared"}
---

--- 2026-09-02T15:58:04.648Z debug
[InspectorProxyWorker] RUNTIME WEBSOCKET OPENED
---

--- 2026-09-02T15:58:04.716Z debug
[InspectorProxyWorker] SEND TO RUNTIME {"method":"Runtime.enable","id":100000001}
---

--- 2026-09-02T15:58:04.772Z debug
[InspectorProxyWorker] RUNTIME INCOMING MESSAGE {
  method: 'Runtime.executionContextCreated',
  params: {
    context: {
      id: 525933953,
      origin: '',
      name: 'Worker',
      uniqueId: '1247269561665967957.-2942312033616049509'
    }
  }
}
---

--- 2026-09-02T15:58:04.817Z debug
[InspectorProxyWorker] RUNTIME INCOMING MESSAGE { id: 100000001, result: {} }
---

--- 2026-09-02T15:58:14.496Z debug
[InspectorProxyWorker] SEND TO RUNTIME {"method":"Runtime.getIsolateId","id":100000002}
---

--- 2026-09-02T15:58:14.498Z debug
[InspectorProxyWorker] RUNTIME INCOMING MESSAGE { id: 100000002, result: { id: '22579fb313efd28d' } }
---

--- 2026-09-02T15:58:24.507Z debug
[InspectorProxyWorker] SEND TO RUNTIME {"method":"Runtime.getIsolateId","id":100000003}
---

--- 2026-09-02T15:58:24.510Z debug
[InspectorProxyWorker] RUNTIME INCOMING MESSAGE { id: 100000003, result: { id: '22579fb313efd28d' } }
---

--- 2026-09-02T15:58:34.509Z debug
[InspectorProxyWorker] SEND TO RUNTIME {"method":"Runtime.getIsolateId","id":100000004}
---

--- 2026-09-02T15:58:34.512Z debug
[InspectorProxyWorker] RUNTIME INCOMING MESSAGE { id: 100000004, result: { id: '22579fb313efd28d' } }
---

--- 2026-09-02T15:58:44.515Z debug
[InspectorProxyWorker] SEND TO RUNTIME {"method":"Runtime.getIsolateId","id":100000005}
---

--- 2026-09-02T15:58:44.520Z debug
[InspectorProxyWorker] RUNTIME INCOMING MESSAGE { id: 100000005, result: { id: '22579fb313efd28d' } }
---
