
--- 2026-09-02T16:20:07.662Z debug
🪵  Writing logs to "/home/subbu/Downloads/Projects/0BACKUP/Apptome/scratch/home/.config/.wrangler/logs/wrangler-2026-09-02_16-20-03_984.log"
---

--- 2026-09-02T16:20:07.661Z warn
▲ [WARNING] Proxy environment variables detected. We'll use your proxy for fetch requests.


---

--- 2026-09-02T16:20:08.883Z debug
.env file not found at "/home/subbu/Downloads/Projects/0BACKUP/Apptome/connectome/hub/gateway/.env". Continuing... For more details, refer to https://developers.cloudflare.com/workers/wrangler/system-environment-variables/
---

--- 2026-09-02T16:20:08.887Z debug
.env file not found at "/home/subbu/Downloads/Projects/0BACKUP/Apptome/connectome/hub/gateway/.env.local". Continuing... For more details, refer to https://developers.cloudflare.com/workers/wrangler/system-environment-variables/
---

--- 2026-09-02T16:20:09.205Z log

 ⛅️ wrangler 4.127.1
────────────────────
---

--- 2026-09-02T16:20:09.349Z debug
setting config
---

--- 2026-09-02T16:20:09.350Z debug
Updating config... undefined undefined
---

--- 2026-09-02T16:20:09.463Z debug
Metrics dispatcher: Posting data {"deviceId":"f58915be-3f65-4b52-972b-267e607c74ec","event":"wrangler command started","timestamp":1788366009463,"properties":{"amplitude_session_id":1788366009207,"amplitude_event_id":0,"wranglerVersion":"4.127.1","wranglerMajorVersion":4,"wranglerMinorVersion":127,"wranglerPatchVersion":1,"osPlatform":"Linux","osVersion":"#30~24.04.1-Ubuntu SMP PREEMPT_DYNAMIC Fri Aug  7 13:27:52 UTC 2","nodeVersion":25,"isFirstUsage":false,"configFileType":"none","isCI":false,"isPagesCI":false,"isWorkersCI":false,"isInteractive":false,"hasAssets":false,"agent":"antigravity","argsUsed":["inspectorPort","port","var"],"argsCombination":"inspectorPort, port, var","sanitizedCommand":"dev","sanitizedArgs":{},"currentAgentSkillsInstalled":null}}
---

--- 2026-09-02T16:20:09.835Z debug
local dev variables file not found at ".dev.vars". Continuing... For more details, refer to https://developers.cloudflare.com/workers/wrangler/system-environment-variables/
---

--- 2026-09-02T16:20:09.836Z debug
.env file not found at "/home/subbu/Downloads/Projects/0BACKUP/Apptome/connectome/hub/gateway/.env". Continuing... For more details, refer to https://developers.cloudflare.com/workers/wrangler/system-environment-variables/
---

--- 2026-09-02T16:20:09.838Z debug
.env file not found at "/home/subbu/Downloads/Projects/0BACKUP/Apptome/connectome/hub/gateway/.env.local". Continuing... For more details, refer to https://developers.cloudflare.com/workers/wrangler/system-environment-variables/
---

--- 2026-09-02T16:20:09.855Z log
Your Worker has access to the following bindings:
---

--- 2026-09-02T16:20:09.855Z log
Binding                                     Resource                      Mode
---

--- 2026-09-02T16:20:09.855Z log
env.HUB (HubDO)                             Durable Object                local
---

--- 2026-09-02T16:20:09.855Z log
env.MANIFESTS                               KV Namespace                  local
---

--- 2026-09-02T16:20:09.855Z log
env.METRICS (connectome-audit)              Analytics Engine Dataset      local
---

--- 2026-09-02T16:20:09.857Z log
env.RATE_LIMIT (60 requests/10s)            Rate Limit                    local
---

--- 2026-09-02T16:20:09.857Z log
env.PAIR_LIMIT (8 requests/60s)             Rate Limit                    local
---

--- 2026-09-02T16:20:09.857Z log
env.ENVIRONMENT ("(hidden)")                Environment Variable          local
---

--- 2026-09-02T16:20:09.859Z log
env.SURFACE_ORIGIN ("(hidden)")             Environment Variable          local
---

--- 2026-09-02T16:20:09.859Z log
env.ALLOWED_ORIGINS ("(hidden)")            Environment Variable          local
---

--- 2026-09-02T16:20:09.859Z log

---

--- 2026-09-02T16:20:11.059Z debug
Metrics dispatcher: Failed to send request: Forbidden
---

--- 2026-09-02T16:20:13.923Z log
Wrangler detected this dev session is running in an AI agent.
The Local Explorer API is available at http://localhost:8791/cdn-cgi/local/explorer/api
Useful routes:
  GET http://localhost:8791/cdn-cgi/local/explorer/api/local/workers - local Workers and bindings
  GET http://localhost:8791/cdn-cgi/local/explorer/api/storage/kv/namespaces - KV namespaces
  GET http://localhost:8791/cdn-cgi/local/explorer/api/d1/database - D1 databases
  GET http://localhost:8791/cdn-cgi/local/explorer/api/r2/buckets - R2 buckets
  GET http://localhost:8791/cdn-cgi/local/explorer/api/workers/durable_objects/namespaces - Durable Object namespaces
  GET http://localhost:8791/cdn-cgi/local/explorer/api/workflows - Workflows
  POST http://localhost:8791/cdn-cgi/local/explorer/api/local/observability/query - run a read-only SQL query (SELECT/WITH only) over captured request traces and console logs. Tables: spans, logs (read attributes via json(attributes)). Example:
    curl -X POST http://localhost:8791/cdn-cgi/local/explorer/api/local/observability/query -H 'Content-Type: application/json' -d '{"sql":"SELECT service, name, outcome, duration_ms FROM spans WHERE parent_id IS NULL LIMIT 20"}'
If the routes above don't cover what you need, fetch the full OpenAPI schema (large - use only as a last resort):
  GET http://localhost:8791/cdn-cgi/local/explorer/api - OpenAPI schema
---

--- 2026-09-02T16:20:15.878Z debug
Writing additional module to output /home/subbu/Downloads/Projects/0BACKUP/Apptome/connectome/hub/gateway/.wrangler/tmp/dev-zs4OyF/b2a19019ffd83c1e7f17cfadc1e0d4c44e033733-protocol.js.txt
---

--- 2026-09-02T16:20:15.888Z debug
Writing additional module to output /home/subbu/Downloads/Projects/0BACKUP/Apptome/connectome/hub/gateway/.wrangler/tmp/dev-zs4OyF/efa4900e308487614cc54b7aa8151e946242560a-bridge.js.txt
---

--- 2026-09-02T16:20:15.898Z debug
Writing additional module to output /home/subbu/Downloads/Projects/0BACKUP/Apptome/connectome/hub/gateway/.wrangler/tmp/dev-zs4OyF/34666b1a90fdc530d7139d5f016fcb01f587f7ee-webmcp-polyfill.js.txt
---

--- 2026-09-02T16:20:15.923Z debug
RemoteRuntimeController teardown beginning...
---

--- 2026-09-02T16:20:15.926Z debug
RemoteRuntimeController teardown complete
---

--- 2026-09-02T16:20:16.028Z log
⎔ Starting local server...
---

--- 2026-09-02T16:20:16.196Z debug
[InspectorProxyWorker] handleProxyControllerIncomingMessage {"type":"reloadStart"}
---

--- 2026-09-02T16:20:19.175Z debug
[InspectorProxyWorker] handleProxyControllerIncomingMessage {"type":"reloadComplete","proxyData":{"userWorkerUrl":{"protocol":"http:","hostname":"127.0.0.1","port":"36489"},"userWorkerInspectorUrl":{"protocol":"ws:","hostname":"127.0.0.1","port":"46579","pathname":"/core:user:connectome-gateway"},"userWorkerInnerUrlOverrides":{"protocol":"http:"},"headers":{"MF-Proxy-Shared-Secret":"4c2937fb-d704-4c0f-a902-a53a8265009a"},"liveReload":false,"proxyLogsToController":false}}
---

--- 2026-09-02T16:20:19.185Z debug
[InspectorProxyWorker] reconnectRuntimeWebSocket
---

--- 2026-09-02T16:20:19.204Z debug
[InspectorProxyWorker] RUNTIME INCOMING MESSAGE {
  method: 'Runtime.executionContextCreated',
  params: {
    context: {
      id: 60722305,
      origin: '',
      name: 'Worker',
      uniqueId: '1179388803391425399.-7094226684362631027'
    }
  }
}
---

--- 2026-09-02T16:20:19.215Z debug
[InspectorProxyWorker] NEW RUNTIME WEBSOCKET http://127.0.0.1:46579/core:user:connectome-gateway
---

--- 2026-09-02T16:20:19.228Z debug
[InspectorProxyWorker] SEND TO DEVTOOLS {"method":"Runtime.executionContextsCleared"}
---

--- 2026-09-02T16:20:19.237Z debug
[InspectorProxyWorker] RUNTIME WEBSOCKET OPENED
---

--- 2026-09-02T16:20:19.244Z debug
[InspectorProxyWorker] SEND TO RUNTIME {"method":"Runtime.enable","id":100000001}
---

--- 2026-09-02T16:20:19.253Z debug
[InspectorProxyWorker] RUNTIME INCOMING MESSAGE { id: 100000001, result: {} }
---

--- 2026-09-02T16:20:29.189Z debug
[InspectorProxyWorker] SEND TO RUNTIME {"method":"Runtime.getIsolateId","id":100000002}
---

--- 2026-09-02T16:20:29.192Z debug
[InspectorProxyWorker] RUNTIME INCOMING MESSAGE { id: 100000002, result: { id: '4ac94d880fa92e95' } }
---

--- 2026-09-02T16:20:39.188Z debug
[InspectorProxyWorker] SEND TO RUNTIME {"method":"Runtime.getIsolateId","id":100000003}
---

--- 2026-09-02T16:20:39.191Z debug
[InspectorProxyWorker] RUNTIME INCOMING MESSAGE { id: 100000003, result: { id: '4ac94d880fa92e95' } }
---

--- 2026-09-02T16:20:49.192Z debug
[InspectorProxyWorker] SEND TO RUNTIME {"method":"Runtime.getIsolateId","id":100000004}
---

--- 2026-09-02T16:20:49.202Z debug
[InspectorProxyWorker] RUNTIME INCOMING MESSAGE { id: 100000004, result: { id: '4ac94d880fa92e95' } }
---
