
--- 2026-09-02T15:56:21.572Z debug
🪵  Writing logs to "/home/subbu/Downloads/Projects/0BACKUP/Apptome/scratch/home/.config/.wrangler/logs/wrangler-2026-09-02_15-56-17_260.log"
---

--- 2026-09-02T15:56:21.571Z warn
▲ [WARNING] Proxy environment variables detected. We'll use your proxy for fetch requests.


---

--- 2026-09-02T15:56:21.782Z debug
.env file not found at "/home/subbu/Downloads/Projects/0BACKUP/Apptome/connectome/apps/stub-notes/.env". Continuing... For more details, refer to https://developers.cloudflare.com/workers/wrangler/system-environment-variables/
---

--- 2026-09-02T15:56:21.787Z debug
.env file not found at "/home/subbu/Downloads/Projects/0BACKUP/Apptome/connectome/apps/stub-notes/.env.local". Continuing... For more details, refer to https://developers.cloudflare.com/workers/wrangler/system-environment-variables/
---

--- 2026-09-02T15:56:22.267Z log

 ⛅️ wrangler 4.127.1
────────────────────
---

--- 2026-09-02T15:56:22.450Z debug
setting config
---

--- 2026-09-02T15:56:22.451Z debug
Updating config... undefined undefined
---

--- 2026-09-02T15:56:22.527Z debug
Metrics dispatcher: Posting data {"deviceId":"f58915be-3f65-4b52-972b-267e607c74ec","event":"wrangler command started","timestamp":1788364582525,"properties":{"amplitude_session_id":1788364582269,"amplitude_event_id":0,"wranglerVersion":"4.127.1","wranglerMajorVersion":4,"wranglerMinorVersion":127,"wranglerPatchVersion":1,"osPlatform":"Linux","osVersion":"#30~24.04.1-Ubuntu SMP PREEMPT_DYNAMIC Fri Aug  7 13:27:52 UTC 2","nodeVersion":25,"isFirstUsage":false,"configFileType":"none","isCI":false,"isPagesCI":false,"isWorkersCI":false,"isInteractive":false,"hasAssets":false,"agent":"antigravity","argsUsed":["inspectorPort","port"],"argsCombination":"inspectorPort, port","sanitizedCommand":"dev","sanitizedArgs":{},"currentAgentSkillsInstalled":null}}
---

--- 2026-09-02T15:56:22.928Z debug
local dev variables file not found at ".dev.vars". Continuing... For more details, refer to https://developers.cloudflare.com/workers/wrangler/system-environment-variables/
---

--- 2026-09-02T15:56:22.930Z debug
.env file not found at "/home/subbu/Downloads/Projects/0BACKUP/Apptome/connectome/apps/stub-notes/.env". Continuing... For more details, refer to https://developers.cloudflare.com/workers/wrangler/system-environment-variables/
---

--- 2026-09-02T15:56:22.934Z debug
.env file not found at "/home/subbu/Downloads/Projects/0BACKUP/Apptome/connectome/apps/stub-notes/.env.local". Continuing... For more details, refer to https://developers.cloudflare.com/workers/wrangler/system-environment-variables/
---

--- 2026-09-02T15:56:23.689Z debug
Metrics dispatcher: Failed to send request: Forbidden
---

--- 2026-09-02T15:56:25.407Z debug
RemoteRuntimeController teardown beginning...
---

--- 2026-09-02T15:56:25.430Z debug
RemoteRuntimeController teardown complete
---

--- 2026-09-02T15:56:25.602Z log
⎔ Starting local server...
---

--- 2026-09-02T15:56:26.793Z log
Wrangler detected this dev session is running in an AI agent.
The Local Explorer API is available at http://localhost:8789/cdn-cgi/local/explorer/api
Useful routes:
  GET http://localhost:8789/cdn-cgi/local/explorer/api/local/workers - local Workers and bindings
  GET http://localhost:8789/cdn-cgi/local/explorer/api/storage/kv/namespaces - KV namespaces
  GET http://localhost:8789/cdn-cgi/local/explorer/api/d1/database - D1 databases
  GET http://localhost:8789/cdn-cgi/local/explorer/api/r2/buckets - R2 buckets
  GET http://localhost:8789/cdn-cgi/local/explorer/api/workers/durable_objects/namespaces - Durable Object namespaces
  GET http://localhost:8789/cdn-cgi/local/explorer/api/workflows - Workflows
  POST http://localhost:8789/cdn-cgi/local/explorer/api/local/observability/query - run a read-only SQL query (SELECT/WITH only) over captured request traces and console logs. Tables: spans, logs (read attributes via json(attributes)). Example:
    curl -X POST http://localhost:8789/cdn-cgi/local/explorer/api/local/observability/query -H 'Content-Type: application/json' -d '{"sql":"SELECT service, name, outcome, duration_ms FROM spans WHERE parent_id IS NULL LIMIT 20"}'
If the routes above don't cover what you need, fetch the full OpenAPI schema (large - use only as a last resort):
  GET http://localhost:8789/cdn-cgi/local/explorer/api - OpenAPI schema
---

--- 2026-09-02T15:56:26.988Z debug
[InspectorProxyWorker] handleProxyControllerIncomingMessage {"type":"reloadStart"}
---

--- 2026-09-02T15:56:29.788Z debug
[InspectorProxyWorker] handleProxyControllerIncomingMessage {"type":"reloadComplete","proxyData":{"userWorkerUrl":{"protocol":"http:","hostname":"127.0.0.1","port":"40711"},"userWorkerInspectorUrl":{"protocol":"ws:","hostname":"127.0.0.1","port":"44069","pathname":"/core:user:stub-notes"},"userWorkerInnerUrlOverrides":{"protocol":"http:"},"headers":{"MF-Proxy-Shared-Secret":"862ad51d-cba5-4ba3-b07d-690eb504f4c4"},"liveReload":false,"proxyLogsToController":false}}
---

--- 2026-09-02T15:56:29.805Z debug
[InspectorProxyWorker] reconnectRuntimeWebSocket
---

--- 2026-09-02T15:56:29.813Z debug
[InspectorProxyWorker] NEW RUNTIME WEBSOCKET http://127.0.0.1:44069/core:user:stub-notes
---

--- 2026-09-02T15:56:29.825Z debug
[InspectorProxyWorker] SEND TO DEVTOOLS {"method":"Runtime.executionContextsCleared"}
---

--- 2026-09-02T15:56:29.832Z debug
[InspectorProxyWorker] RUNTIME WEBSOCKET OPENED
---

--- 2026-09-02T15:56:29.835Z debug
[InspectorProxyWorker] SEND TO RUNTIME {"method":"Runtime.enable","id":100000001}
---

--- 2026-09-02T15:56:29.840Z debug
[InspectorProxyWorker] RUNTIME INCOMING MESSAGE {
  method: 'Runtime.executionContextCreated',
  params: {
    context: {
      id: 355994433,
      origin: '',
      name: 'Worker',
      uniqueId: '-3427914803633453388.4490484291305267822'
    }
  }
}
---

--- 2026-09-02T15:56:29.843Z debug
[InspectorProxyWorker] RUNTIME INCOMING MESSAGE { id: 100000001, result: {} }
---

--- 2026-09-02T15:56:39.784Z debug
[InspectorProxyWorker] SEND TO RUNTIME {"method":"Runtime.getIsolateId","id":100000002}
---

--- 2026-09-02T15:56:39.791Z debug
[InspectorProxyWorker] RUNTIME INCOMING MESSAGE { id: 100000002, result: { id: '4d3bead2f98576a0' } }
---

--- 2026-09-02T15:56:49.817Z debug
[InspectorProxyWorker] SEND TO RUNTIME {"method":"Runtime.getIsolateId","id":100000003}
---

--- 2026-09-02T15:56:49.830Z debug
[InspectorProxyWorker] RUNTIME INCOMING MESSAGE { id: 100000003, result: { id: '4d3bead2f98576a0' } }
---
