
--- 2026-09-02T15:51:31.559Z debug
🪵  Writing logs to "/home/subbu/Downloads/Projects/0BACKUP/Apptome/scratch/home/.config/.wrangler/logs/wrangler-2026-09-02_15-51-28_693.log"
---

--- 2026-09-02T15:51:31.559Z warn
▲ [WARNING] Proxy environment variables detected. We'll use your proxy for fetch requests.


---

--- 2026-09-02T15:51:31.827Z debug
.env file not found at "/home/subbu/Downloads/Projects/0BACKUP/Apptome/connectome/apps/stub-crm/.env". Continuing... For more details, refer to https://developers.cloudflare.com/workers/wrangler/system-environment-variables/
---

--- 2026-09-02T15:51:31.828Z debug
.env file not found at "/home/subbu/Downloads/Projects/0BACKUP/Apptome/connectome/apps/stub-crm/.env.local". Continuing... For more details, refer to https://developers.cloudflare.com/workers/wrangler/system-environment-variables/
---

--- 2026-09-02T15:51:32.028Z log

 ⛅️ wrangler 4.127.1
────────────────────
---

--- 2026-09-02T15:51:32.116Z debug
setting config
---

--- 2026-09-02T15:51:32.117Z debug
Updating config... undefined undefined
---

--- 2026-09-02T15:51:32.144Z debug
Metrics dispatcher: Posting data {"deviceId":"f58915be-3f65-4b52-972b-267e607c74ec","event":"wrangler command started","timestamp":1788364292144,"properties":{"amplitude_session_id":1788364292030,"amplitude_event_id":0,"wranglerVersion":"4.127.1","wranglerMajorVersion":4,"wranglerMinorVersion":127,"wranglerPatchVersion":1,"osPlatform":"Linux","osVersion":"#30~24.04.1-Ubuntu SMP PREEMPT_DYNAMIC Fri Aug  7 13:27:52 UTC 2","nodeVersion":25,"isFirstUsage":false,"configFileType":"none","isCI":false,"isPagesCI":false,"isWorkersCI":false,"isInteractive":false,"hasAssets":false,"agent":"antigravity","argsUsed":["inspectorPort","port"],"argsCombination":"inspectorPort, port","sanitizedCommand":"dev","sanitizedArgs":{},"currentAgentSkillsInstalled":null}}
---

--- 2026-09-02T15:51:32.324Z debug
local dev variables file not found at ".dev.vars". Continuing... For more details, refer to https://developers.cloudflare.com/workers/wrangler/system-environment-variables/
---

--- 2026-09-02T15:51:32.331Z debug
.env file not found at "/home/subbu/Downloads/Projects/0BACKUP/Apptome/connectome/apps/stub-crm/.env". Continuing... For more details, refer to https://developers.cloudflare.com/workers/wrangler/system-environment-variables/
---

--- 2026-09-02T15:51:32.332Z debug
.env file not found at "/home/subbu/Downloads/Projects/0BACKUP/Apptome/connectome/apps/stub-crm/.env.local". Continuing... For more details, refer to https://developers.cloudflare.com/workers/wrangler/system-environment-variables/
---

--- 2026-09-02T15:51:32.566Z debug
Metrics dispatcher: Failed to send request: Forbidden
---

--- 2026-09-02T15:51:33.114Z debug
RemoteRuntimeController teardown beginning...
---

--- 2026-09-02T15:51:33.126Z debug
RemoteRuntimeController teardown complete
---

--- 2026-09-02T15:51:33.177Z log
⎔ Starting local server...
---

--- 2026-09-02T15:51:33.770Z log
Wrangler detected this dev session is running in an AI agent.
The Local Explorer API is available at http://localhost:8787/cdn-cgi/local/explorer/api
Useful routes:
  GET http://localhost:8787/cdn-cgi/local/explorer/api/local/workers - local Workers and bindings
  GET http://localhost:8787/cdn-cgi/local/explorer/api/storage/kv/namespaces - KV namespaces
  GET http://localhost:8787/cdn-cgi/local/explorer/api/d1/database - D1 databases
  GET http://localhost:8787/cdn-cgi/local/explorer/api/r2/buckets - R2 buckets
  GET http://localhost:8787/cdn-cgi/local/explorer/api/workers/durable_objects/namespaces - Durable Object namespaces
  GET http://localhost:8787/cdn-cgi/local/explorer/api/workflows - Workflows
  POST http://localhost:8787/cdn-cgi/local/explorer/api/local/observability/query - run a read-only SQL query (SELECT/WITH only) over captured request traces and console logs. Tables: spans, logs (read attributes via json(attributes)). Example:
    curl -X POST http://localhost:8787/cdn-cgi/local/explorer/api/local/observability/query -H 'Content-Type: application/json' -d '{"sql":"SELECT service, name, outcome, duration_ms FROM spans WHERE parent_id IS NULL LIMIT 20"}'
If the routes above don't cover what you need, fetch the full OpenAPI schema (large - use only as a last resort):
  GET http://localhost:8787/cdn-cgi/local/explorer/api - OpenAPI schema
---

--- 2026-09-02T15:51:33.842Z debug
[InspectorProxyWorker] handleProxyControllerIncomingMessage {"type":"reloadStart"}
---

--- 2026-09-02T15:51:35.567Z debug
[InspectorProxyWorker] handleProxyControllerIncomingMessage {"type":"reloadComplete","proxyData":{"userWorkerUrl":{"protocol":"http:","hostname":"127.0.0.1","port":"34915"},"userWorkerInspectorUrl":{"protocol":"ws:","hostname":"127.0.0.1","port":"44305","pathname":"/core:user:stub-crm"},"userWorkerInnerUrlOverrides":{"protocol":"http:"},"headers":{"MF-Proxy-Shared-Secret":"22020d08-b7ee-4636-bb52-cd10dff7f54d"},"liveReload":false,"proxyLogsToController":false}}
---

--- 2026-09-02T15:51:35.572Z debug
[InspectorProxyWorker] reconnectRuntimeWebSocket
---

--- 2026-09-02T15:51:35.575Z debug
[InspectorProxyWorker] NEW RUNTIME WEBSOCKET http://127.0.0.1:44305/core:user:stub-crm
---

--- 2026-09-02T15:51:35.582Z debug
[InspectorProxyWorker] SEND TO DEVTOOLS {"method":"Runtime.executionContextsCleared"}
---

--- 2026-09-02T15:51:35.588Z debug
[InspectorProxyWorker] RUNTIME WEBSOCKET OPENED
---

--- 2026-09-02T15:51:35.591Z debug
[InspectorProxyWorker] SEND TO RUNTIME {"method":"Runtime.enable","id":100000001}
---

--- 2026-09-02T15:51:35.595Z debug
[InspectorProxyWorker] RUNTIME INCOMING MESSAGE {
  method: 'Runtime.executionContextCreated',
  params: {
    context: {
      id: 484152769,
      origin: '',
      name: 'Worker',
      uniqueId: '3294349685490884261.7445812231415658579'
    }
  }
}
---

--- 2026-09-02T15:51:35.599Z debug
[InspectorProxyWorker] RUNTIME INCOMING MESSAGE { id: 100000001, result: {} }
---

--- 2026-09-02T15:51:45.544Z debug
[InspectorProxyWorker] SEND TO RUNTIME {"method":"Runtime.getIsolateId","id":100000002}
---

--- 2026-09-02T15:51:45.546Z debug
[InspectorProxyWorker] RUNTIME INCOMING MESSAGE { id: 100000002, result: { id: '8da6c75ccd9eae66' } }
---
