
--- 2026-09-02T15:56:20.711Z debug
🪵  Writing logs to "/home/subbu/Downloads/Projects/0BACKUP/Apptome/scratch/home/.config/.wrangler/logs/wrangler-2026-09-02_15-56-16_970.log"
---

--- 2026-09-02T15:56:20.710Z warn
▲ [WARNING] Proxy environment variables detected. We'll use your proxy for fetch requests.


---

--- 2026-09-02T15:56:21.040Z debug
.env file not found at "/home/subbu/Downloads/Projects/0BACKUP/Apptome/connectome/apps/stub-invoicing/.env". Continuing... For more details, refer to https://developers.cloudflare.com/workers/wrangler/system-environment-variables/
---

--- 2026-09-02T15:56:21.046Z debug
.env file not found at "/home/subbu/Downloads/Projects/0BACKUP/Apptome/connectome/apps/stub-invoicing/.env.local". Continuing... For more details, refer to https://developers.cloudflare.com/workers/wrangler/system-environment-variables/
---

--- 2026-09-02T15:56:21.414Z log

 ⛅️ wrangler 4.127.1
────────────────────
---

--- 2026-09-02T15:56:21.553Z debug
setting config
---

--- 2026-09-02T15:56:21.554Z debug
Updating config... undefined undefined
---

--- 2026-09-02T15:56:21.640Z debug
Metrics dispatcher: Posting data {"deviceId":"f58915be-3f65-4b52-972b-267e607c74ec","event":"wrangler command started","timestamp":1788364581640,"properties":{"amplitude_session_id":1788364581416,"amplitude_event_id":0,"wranglerVersion":"4.127.1","wranglerMajorVersion":4,"wranglerMinorVersion":127,"wranglerPatchVersion":1,"osPlatform":"Linux","osVersion":"#30~24.04.1-Ubuntu SMP PREEMPT_DYNAMIC Fri Aug  7 13:27:52 UTC 2","nodeVersion":25,"isFirstUsage":false,"configFileType":"none","isCI":false,"isPagesCI":false,"isWorkersCI":false,"isInteractive":false,"hasAssets":false,"agent":"antigravity","argsUsed":["inspectorPort","port"],"argsCombination":"inspectorPort, port","sanitizedCommand":"dev","sanitizedArgs":{},"currentAgentSkillsInstalled":null}}
---

--- 2026-09-02T15:56:22.077Z debug
local dev variables file not found at ".dev.vars". Continuing... For more details, refer to https://developers.cloudflare.com/workers/wrangler/system-environment-variables/
---

--- 2026-09-02T15:56:22.081Z debug
.env file not found at "/home/subbu/Downloads/Projects/0BACKUP/Apptome/connectome/apps/stub-invoicing/.env". Continuing... For more details, refer to https://developers.cloudflare.com/workers/wrangler/system-environment-variables/
---

--- 2026-09-02T15:56:22.082Z debug
.env file not found at "/home/subbu/Downloads/Projects/0BACKUP/Apptome/connectome/apps/stub-invoicing/.env.local". Continuing... For more details, refer to https://developers.cloudflare.com/workers/wrangler/system-environment-variables/
---

--- 2026-09-02T15:56:22.844Z debug
Metrics dispatcher: Failed to send request: Forbidden
---

--- 2026-09-02T15:56:24.338Z debug
RemoteRuntimeController teardown beginning...
---

--- 2026-09-02T15:56:24.338Z debug
RemoteRuntimeController teardown complete
---

--- 2026-09-02T15:56:24.473Z log
⎔ Starting local server...
---

--- 2026-09-02T15:56:26.269Z log
Wrangler detected this dev session is running in an AI agent.
The Local Explorer API is available at http://localhost:8788/cdn-cgi/local/explorer/api
Useful routes:
  GET http://localhost:8788/cdn-cgi/local/explorer/api/local/workers - local Workers and bindings
  GET http://localhost:8788/cdn-cgi/local/explorer/api/storage/kv/namespaces - KV namespaces
  GET http://localhost:8788/cdn-cgi/local/explorer/api/d1/database - D1 databases
  GET http://localhost:8788/cdn-cgi/local/explorer/api/r2/buckets - R2 buckets
  GET http://localhost:8788/cdn-cgi/local/explorer/api/workers/durable_objects/namespaces - Durable Object namespaces
  GET http://localhost:8788/cdn-cgi/local/explorer/api/workflows - Workflows
  POST http://localhost:8788/cdn-cgi/local/explorer/api/local/observability/query - run a read-only SQL query (SELECT/WITH only) over captured request traces and console logs. Tables: spans, logs (read attributes via json(attributes)). Example:
    curl -X POST http://localhost:8788/cdn-cgi/local/explorer/api/local/observability/query -H 'Content-Type: application/json' -d '{"sql":"SELECT service, name, outcome, duration_ms FROM spans WHERE parent_id IS NULL LIMIT 20"}'
If the routes above don't cover what you need, fetch the full OpenAPI schema (large - use only as a last resort):
  GET http://localhost:8788/cdn-cgi/local/explorer/api - OpenAPI schema
---

--- 2026-09-02T15:56:26.462Z debug
[InspectorProxyWorker] handleProxyControllerIncomingMessage {"type":"reloadStart"}
---

--- 2026-09-02T15:56:29.077Z debug
[InspectorProxyWorker] handleProxyControllerIncomingMessage {"type":"reloadComplete","proxyData":{"userWorkerUrl":{"protocol":"http:","hostname":"127.0.0.1","port":"36175"},"userWorkerInspectorUrl":{"protocol":"ws:","hostname":"127.0.0.1","port":"42011","pathname":"/core:user:stub-invoicing"},"userWorkerInnerUrlOverrides":{"protocol":"http:"},"headers":{"MF-Proxy-Shared-Secret":"f8411fc0-f68a-4eb9-b568-c412965b370e"},"liveReload":false,"proxyLogsToController":false}}
---

--- 2026-09-02T15:56:29.094Z debug
[InspectorProxyWorker] reconnectRuntimeWebSocket
---

--- 2026-09-02T15:56:29.101Z debug
[InspectorProxyWorker] NEW RUNTIME WEBSOCKET http://127.0.0.1:42011/core:user:stub-invoicing
---

--- 2026-09-02T15:56:29.113Z debug
[InspectorProxyWorker] SEND TO DEVTOOLS {"method":"Runtime.executionContextsCleared"}
---

--- 2026-09-02T15:56:29.123Z debug
[InspectorProxyWorker] RUNTIME WEBSOCKET OPENED
---

--- 2026-09-02T15:56:29.135Z debug
[InspectorProxyWorker] SEND TO RUNTIME {"method":"Runtime.enable","id":100000001}
---

--- 2026-09-02T15:56:29.139Z debug
[InspectorProxyWorker] RUNTIME INCOMING MESSAGE {
  method: 'Runtime.executionContextCreated',
  params: {
    context: {
      id: 206178625,
      origin: '',
      name: 'Worker',
      uniqueId: '-7010092902077359695.-1236438665266931255'
    }
  }
}
---

--- 2026-09-02T15:56:29.142Z debug
[InspectorProxyWorker] RUNTIME INCOMING MESSAGE { id: 100000001, result: {} }
---

--- 2026-09-02T15:56:39.079Z debug
[InspectorProxyWorker] SEND TO RUNTIME {"method":"Runtime.getIsolateId","id":100000002}
---

--- 2026-09-02T15:56:39.083Z debug
[InspectorProxyWorker] RUNTIME INCOMING MESSAGE { id: 100000002, result: { id: '6f20a9bae839a13' } }
---

--- 2026-09-02T15:56:49.083Z debug
[InspectorProxyWorker] SEND TO RUNTIME {"method":"Runtime.getIsolateId","id":100000003}
---

--- 2026-09-02T15:56:49.094Z debug
[InspectorProxyWorker] RUNTIME INCOMING MESSAGE { id: 100000003, result: { id: '6f20a9bae839a13' } }
---
