
--- 2026-09-02T17:14:00.314Z debug
🪵  Writing logs to "/home/subbu/Downloads/Projects/0BACKUP/Apptome/scratch/home/.config/.wrangler/logs/wrangler-2026-09-02_17-13-57_349.log"
---

--- 2026-09-02T17:14:00.314Z debug
.env file not found at "/home/subbu/Downloads/Projects/0BACKUP/Apptome/connectome/hub/gateway/.env". Continuing... For more details, refer to https://developers.cloudflare.com/workers/wrangler/system-environment-variables/
---

--- 2026-09-02T17:14:00.326Z debug
.env file not found at "/home/subbu/Downloads/Projects/0BACKUP/Apptome/connectome/hub/gateway/.env.local". Continuing... For more details, refer to https://developers.cloudflare.com/workers/wrangler/system-environment-variables/
---

--- 2026-09-02T17:14:00.533Z log

 ⛅️ wrangler 4.127.1
────────────────────
---

--- 2026-09-02T17:14:00.678Z debug
setting config
---

--- 2026-09-02T17:14:00.679Z debug
Updating config... undefined undefined
---

--- 2026-09-02T17:14:00.722Z debug
Metrics dispatcher: Posting data {"deviceId":"f58915be-3f65-4b52-972b-267e607c74ec","event":"wrangler command started","timestamp":1788369240722,"properties":{"amplitude_session_id":1788369240537,"amplitude_event_id":0,"wranglerVersion":"4.127.1","wranglerMajorVersion":4,"wranglerMinorVersion":127,"wranglerPatchVersion":1,"osPlatform":"Linux","osVersion":"#30~24.04.1-Ubuntu SMP PREEMPT_DYNAMIC Fri Aug  7 13:27:52 UTC 2","nodeVersion":25,"packageManager":"pnpm","isFirstUsage":false,"configFileType":"none","isCI":false,"isPagesCI":false,"isWorkersCI":false,"isInteractive":false,"hasAssets":false,"agent":null,"argsUsed":["inspectorPort","port","var"],"argsCombination":"inspectorPort, port, var","sanitizedCommand":"dev","sanitizedArgs":{},"currentAgentSkillsInstalled":null}}
---

--- 2026-09-02T17:14:00.942Z debug
local dev variables file not found at ".dev.vars". Continuing... For more details, refer to https://developers.cloudflare.com/workers/wrangler/system-environment-variables/
---

--- 2026-09-02T17:14:00.944Z debug
.env file not found at "/home/subbu/Downloads/Projects/0BACKUP/Apptome/connectome/hub/gateway/.env". Continuing... For more details, refer to https://developers.cloudflare.com/workers/wrangler/system-environment-variables/
---

--- 2026-09-02T17:14:00.944Z debug
.env file not found at "/home/subbu/Downloads/Projects/0BACKUP/Apptome/connectome/hub/gateway/.env.local". Continuing... For more details, refer to https://developers.cloudflare.com/workers/wrangler/system-environment-variables/
---

--- 2026-09-02T17:14:00.954Z log
Your Worker has access to the following bindings:
---

--- 2026-09-02T17:14:00.956Z log
Binding                                     Resource                      Mode
---

--- 2026-09-02T17:14:00.956Z log
env.HUB (HubDO)                             Durable Object                local
---

--- 2026-09-02T17:14:00.956Z log
env.MANIFESTS                               KV Namespace                  local
---

--- 2026-09-02T17:14:00.956Z log
env.METRICS (connectome-audit)              Analytics Engine Dataset      local
---

--- 2026-09-02T17:14:00.956Z log
env.RATE_LIMIT (60 requests/10s)            Rate Limit                    local
---

--- 2026-09-02T17:14:00.956Z log
env.PAIR_LIMIT (8 requests/60s)             Rate Limit                    local
---

--- 2026-09-02T17:14:00.956Z log
env.ENVIRONMENT ("(hidden)")                Environment Variable          local
---

--- 2026-09-02T17:14:00.957Z log
env.SURFACE_ORIGIN ("(hidden)")             Environment Variable          local
---

--- 2026-09-02T17:14:00.958Z log
env.ALLOWED_ORIGINS ("(hidden)")            Environment Variable          local
---

--- 2026-09-02T17:14:00.958Z log

---

--- 2026-09-02T17:14:05.295Z debug
Writing additional module to output /home/subbu/Downloads/Projects/0BACKUP/Apptome/connectome/hub/gateway/.wrangler/tmp/dev-5vlGgt/f9a072adf6921e7c901b7002708a0404cc586f03-protocol.js.txt
---

--- 2026-09-02T17:14:05.299Z debug
Writing additional module to output /home/subbu/Downloads/Projects/0BACKUP/Apptome/connectome/hub/gateway/.wrangler/tmp/dev-5vlGgt/348575c8907eae4764ea51feeb8d72686cb449a0-bridge.js.txt
---

--- 2026-09-02T17:14:05.301Z debug
Writing additional module to output /home/subbu/Downloads/Projects/0BACKUP/Apptome/connectome/hub/gateway/.wrangler/tmp/dev-5vlGgt/727ed0308df8ce9366626252c4265dabe6625070-webmcp-polyfill.js.txt
---

--- 2026-09-02T17:14:05.306Z debug
RemoteRuntimeController teardown beginning...
---

--- 2026-09-02T17:14:05.306Z debug
RemoteRuntimeController teardown complete
---

--- 2026-09-02T17:14:05.320Z log
⎔ Starting local server...
---

--- 2026-09-02T17:14:05.349Z debug
[InspectorProxyWorker] handleProxyControllerIncomingMessage {"type":"reloadStart"}
---

--- 2026-09-02T17:14:06.337Z debug
[InspectorProxyWorker] handleProxyControllerIncomingMessage {"type":"reloadComplete","proxyData":{"userWorkerUrl":{"protocol":"http:","hostname":"127.0.0.1","port":"46093"},"userWorkerInspectorUrl":{"protocol":"ws:","hostname":"127.0.0.1","port":"45497","pathname":"/core:user:connectome-gateway"},"userWorkerInnerUrlOverrides":{"protocol":"http:"},"headers":{"MF-Proxy-Shared-Secret":"d76baef8-3bf4-43e8-a8c9-4f15254621f2"},"liveReload":false,"proxyLogsToController":false}}
---

--- 2026-09-02T17:14:06.339Z debug
[InspectorProxyWorker] reconnectRuntimeWebSocket
---

--- 2026-09-02T17:14:06.341Z debug
[InspectorProxyWorker] NEW RUNTIME WEBSOCKET http://127.0.0.1:45497/core:user:connectome-gateway
---

--- 2026-09-02T17:14:06.343Z debug
[InspectorProxyWorker] SEND TO DEVTOOLS {"method":"Runtime.executionContextsCleared"}
---

--- 2026-09-02T17:14:06.349Z debug
[InspectorProxyWorker] RUNTIME WEBSOCKET OPENED
---

--- 2026-09-02T17:14:06.351Z debug
[InspectorProxyWorker] SEND TO RUNTIME {"method":"Runtime.enable","id":100000001}
---

--- 2026-09-02T17:14:06.353Z debug
[InspectorProxyWorker] RUNTIME INCOMING MESSAGE {
  method: 'Runtime.executionContextCreated',
  params: {
    context: {
      id: 532833377,
      origin: '',
      name: 'Worker',
      uniqueId: '8374131021774811401.6095635310503235498'
    }
  }
}
---

--- 2026-09-02T17:14:06.355Z debug
[InspectorProxyWorker] RUNTIME INCOMING MESSAGE { id: 100000001, result: {} }
---

--- 2026-09-02T17:14:16.351Z debug
[InspectorProxyWorker] SEND TO RUNTIME {"method":"Runtime.getIsolateId","id":100000002}
---

--- 2026-09-02T17:14:16.355Z debug
[InspectorProxyWorker] RUNTIME INCOMING MESSAGE { id: 100000002, result: { id: '7d1edba4e52373db' } }
---

--- 2026-09-02T17:14:26.357Z debug
[InspectorProxyWorker] SEND TO RUNTIME {"method":"Runtime.getIsolateId","id":100000003}
---

--- 2026-09-02T17:14:26.364Z debug
[InspectorProxyWorker] RUNTIME INCOMING MESSAGE { id: 100000003, result: { id: '7d1edba4e52373db' } }
---

--- 2026-09-02T17:14:36.363Z debug
[InspectorProxyWorker] SEND TO RUNTIME {"method":"Runtime.getIsolateId","id":100000004}
---

--- 2026-09-02T17:14:36.367Z debug
[InspectorProxyWorker] RUNTIME INCOMING MESSAGE { id: 100000004, result: { id: '7d1edba4e52373db' } }
---

--- 2026-09-02T17:14:46.367Z debug
[InspectorProxyWorker] SEND TO RUNTIME {"method":"Runtime.getIsolateId","id":100000005}
---

--- 2026-09-02T17:14:46.372Z debug
[InspectorProxyWorker] RUNTIME INCOMING MESSAGE { id: 100000005, result: { id: '7d1edba4e52373db' } }
---

--- 2026-09-02T17:14:56.396Z debug
[InspectorProxyWorker] SEND TO RUNTIME {"method":"Runtime.getIsolateId","id":100000006}
---

--- 2026-09-02T17:14:56.409Z debug
[InspectorProxyWorker] RUNTIME INCOMING MESSAGE { id: 100000006, result: { id: '7d1edba4e52373db' } }
---

--- 2026-09-02T17:15:06.368Z debug
[InspectorProxyWorker] SEND TO RUNTIME {"method":"Runtime.getIsolateId","id":100000007}
---

--- 2026-09-02T17:15:06.370Z debug
[InspectorProxyWorker] RUNTIME INCOMING MESSAGE { id: 100000007, result: { id: '7d1edba4e52373db' } }
---

--- 2026-09-02T17:15:16.378Z debug
[InspectorProxyWorker] SEND TO RUNTIME {"method":"Runtime.getIsolateId","id":100000008}
---

--- 2026-09-02T17:15:16.382Z debug
[InspectorProxyWorker] RUNTIME INCOMING MESSAGE { id: 100000008, result: { id: '7d1edba4e52373db' } }
---

--- 2026-09-02T17:15:26.380Z debug
[InspectorProxyWorker] SEND TO RUNTIME {"method":"Runtime.getIsolateId","id":100000009}
---

--- 2026-09-02T17:15:26.384Z debug
[InspectorProxyWorker] RUNTIME INCOMING MESSAGE { id: 100000009, result: { id: '7d1edba4e52373db' } }
---

--- 2026-09-02T17:15:36.383Z debug
[InspectorProxyWorker] SEND TO RUNTIME {"method":"Runtime.getIsolateId","id":100000010}
---

--- 2026-09-02T17:15:36.384Z debug
[InspectorProxyWorker] RUNTIME INCOMING MESSAGE { id: 100000010, result: { id: '7d1edba4e52373db' } }
---

--- 2026-09-02T17:15:46.390Z debug
[InspectorProxyWorker] SEND TO RUNTIME {"method":"Runtime.getIsolateId","id":100000011}
---

--- 2026-09-02T17:15:46.393Z debug
[InspectorProxyWorker] RUNTIME INCOMING MESSAGE { id: 100000011, result: { id: '7d1edba4e52373db' } }
---

--- 2026-09-02T17:15:56.394Z debug
[InspectorProxyWorker] SEND TO RUNTIME {"method":"Runtime.getIsolateId","id":100000012}
---

--- 2026-09-02T17:15:56.397Z debug
[InspectorProxyWorker] RUNTIME INCOMING MESSAGE { id: 100000012, result: { id: '7d1edba4e52373db' } }
---

--- 2026-09-02T17:16:06.394Z debug
[InspectorProxyWorker] SEND TO RUNTIME {"method":"Runtime.getIsolateId","id":100000013}
---

--- 2026-09-02T17:16:06.399Z debug
[InspectorProxyWorker] RUNTIME INCOMING MESSAGE { id: 100000013, result: { id: '7d1edba4e52373db' } }
---

--- 2026-09-02T17:16:16.398Z debug
[InspectorProxyWorker] SEND TO RUNTIME {"method":"Runtime.getIsolateId","id":100000014}
---

--- 2026-09-02T17:16:16.400Z debug
[InspectorProxyWorker] RUNTIME INCOMING MESSAGE { id: 100000014, result: { id: '7d1edba4e52373db' } }
---
