
--- 2026-09-02T17:14:01.480Z debug
🪵  Writing logs to "/home/subbu/Downloads/Projects/0BACKUP/Apptome/scratch/home/.config/.wrangler/logs/wrangler-2026-09-02_17-13-56_861.log"
---

--- 2026-09-02T17:14:01.480Z debug
.env file not found at "/home/subbu/Downloads/Projects/0BACKUP/Apptome/connectome/apps/stub-invoicing/.env". Continuing... For more details, refer to https://developers.cloudflare.com/workers/wrangler/system-environment-variables/
---

--- 2026-09-02T17:14:01.482Z debug
.env file not found at "/home/subbu/Downloads/Projects/0BACKUP/Apptome/connectome/apps/stub-invoicing/.env.local". Continuing... For more details, refer to https://developers.cloudflare.com/workers/wrangler/system-environment-variables/
---

--- 2026-09-02T17:14:01.697Z log

 ⛅️ wrangler 4.127.1
────────────────────
---

--- 2026-09-02T17:14:01.876Z debug
setting config
---

--- 2026-09-02T17:14:01.877Z debug
Updating config... undefined undefined
---

--- 2026-09-02T17:14:01.972Z debug
Metrics dispatcher: Posting data {"deviceId":"f58915be-3f65-4b52-972b-267e607c74ec","event":"wrangler command started","timestamp":1788369241972,"properties":{"amplitude_session_id":1788369241700,"amplitude_event_id":0,"wranglerVersion":"4.127.1","wranglerMajorVersion":4,"wranglerMinorVersion":127,"wranglerPatchVersion":1,"osPlatform":"Linux","osVersion":"#30~24.04.1-Ubuntu SMP PREEMPT_DYNAMIC Fri Aug  7 13:27:52 UTC 2","nodeVersion":25,"packageManager":"pnpm","isFirstUsage":false,"configFileType":"none","isCI":false,"isPagesCI":false,"isWorkersCI":false,"isInteractive":false,"hasAssets":false,"agent":null,"argsUsed":["inspectorPort","port"],"argsCombination":"inspectorPort, port","sanitizedCommand":"dev","sanitizedArgs":{},"currentAgentSkillsInstalled":null}}
---

--- 2026-09-02T17:14:02.272Z debug
local dev variables file not found at ".dev.vars". Continuing... For more details, refer to https://developers.cloudflare.com/workers/wrangler/system-environment-variables/
---

--- 2026-09-02T17:14:02.272Z debug
.env file not found at "/home/subbu/Downloads/Projects/0BACKUP/Apptome/connectome/apps/stub-invoicing/.env". Continuing... For more details, refer to https://developers.cloudflare.com/workers/wrangler/system-environment-variables/
---

--- 2026-09-02T17:14:02.303Z debug
.env file not found at "/home/subbu/Downloads/Projects/0BACKUP/Apptome/connectome/apps/stub-invoicing/.env.local". Continuing... For more details, refer to https://developers.cloudflare.com/workers/wrangler/system-environment-variables/
---

--- 2026-09-02T17:14:03.675Z debug
RemoteRuntimeController teardown beginning...
---

--- 2026-09-02T17:14:03.675Z debug
RemoteRuntimeController teardown complete
---

--- 2026-09-02T17:14:03.733Z log
⎔ Starting local server...
---

--- 2026-09-02T17:14:04.993Z debug
[InspectorProxyWorker] handleProxyControllerIncomingMessage {"type":"reloadStart"}
---

--- 2026-09-02T17:14:06.210Z debug
[InspectorProxyWorker] handleProxyControllerIncomingMessage {"type":"reloadComplete","proxyData":{"userWorkerUrl":{"protocol":"http:","hostname":"127.0.0.1","port":"44551"},"userWorkerInspectorUrl":{"protocol":"ws:","hostname":"127.0.0.1","port":"40771","pathname":"/core:user:stub-invoicing"},"userWorkerInnerUrlOverrides":{"protocol":"http:"},"headers":{"MF-Proxy-Shared-Secret":"10535218-c983-4623-a837-71bff55e42dd"},"liveReload":false,"proxyLogsToController":false}}
---

--- 2026-09-02T17:14:06.214Z debug
[InspectorProxyWorker] reconnectRuntimeWebSocket
---

--- 2026-09-02T17:14:06.217Z debug
[InspectorProxyWorker] NEW RUNTIME WEBSOCKET http://127.0.0.1:40771/core:user:stub-invoicing
---

--- 2026-09-02T17:14:06.220Z debug
[InspectorProxyWorker] SEND TO DEVTOOLS {"method":"Runtime.executionContextsCleared"}
---

--- 2026-09-02T17:14:06.227Z debug
[InspectorProxyWorker] RUNTIME WEBSOCKET OPENED
---

--- 2026-09-02T17:14:06.230Z debug
[InspectorProxyWorker] RUNTIME INCOMING MESSAGE {
  method: 'Runtime.executionContextCreated',
  params: {
    context: {
      id: 380799457,
      origin: '',
      name: 'Worker',
      uniqueId: '1512693838610539703.-9075581716751989787'
    }
  }
}
---

--- 2026-09-02T17:14:06.232Z debug
[InspectorProxyWorker] RUNTIME INCOMING MESSAGE { id: 100000001, result: {} }
---

--- 2026-09-02T17:14:06.236Z debug
[InspectorProxyWorker] SEND TO RUNTIME {"method":"Runtime.enable","id":100000001}
---

--- 2026-09-02T17:14:16.224Z debug
[InspectorProxyWorker] SEND TO RUNTIME {"method":"Runtime.getIsolateId","id":100000002}
---

--- 2026-09-02T17:14:16.229Z debug
[InspectorProxyWorker] RUNTIME INCOMING MESSAGE { id: 100000002, result: { id: '620206e603f00939' } }
---

--- 2026-09-02T17:14:26.245Z debug
[InspectorProxyWorker] SEND TO RUNTIME {"method":"Runtime.getIsolateId","id":100000003}
---

--- 2026-09-02T17:14:26.270Z debug
[InspectorProxyWorker] RUNTIME INCOMING MESSAGE { id: 100000003, result: { id: '620206e603f00939' } }
---

--- 2026-09-02T17:14:36.231Z debug
[InspectorProxyWorker] SEND TO RUNTIME {"method":"Runtime.getIsolateId","id":100000004}
---

--- 2026-09-02T17:14:36.233Z debug
[InspectorProxyWorker] RUNTIME INCOMING MESSAGE { id: 100000004, result: { id: '620206e603f00939' } }
---

--- 2026-09-02T17:14:46.240Z debug
[InspectorProxyWorker] SEND TO RUNTIME {"method":"Runtime.getIsolateId","id":100000005}
---

--- 2026-09-02T17:14:46.243Z debug
[InspectorProxyWorker] RUNTIME INCOMING MESSAGE { id: 100000005, result: { id: '620206e603f00939' } }
---

--- 2026-09-02T17:14:56.243Z debug
[InspectorProxyWorker] SEND TO RUNTIME {"method":"Runtime.getIsolateId","id":100000006}
---

--- 2026-09-02T17:14:56.251Z debug
[InspectorProxyWorker] RUNTIME INCOMING MESSAGE { id: 100000006, result: { id: '620206e603f00939' } }
---

--- 2026-09-02T17:15:06.246Z debug
[InspectorProxyWorker] SEND TO RUNTIME {"method":"Runtime.getIsolateId","id":100000007}
---

--- 2026-09-02T17:15:06.249Z debug
[InspectorProxyWorker] RUNTIME INCOMING MESSAGE { id: 100000007, result: { id: '620206e603f00939' } }
---

--- 2026-09-02T17:15:16.252Z debug
[InspectorProxyWorker] SEND TO RUNTIME {"method":"Runtime.getIsolateId","id":100000008}
---

--- 2026-09-02T17:15:16.261Z debug
[InspectorProxyWorker] RUNTIME INCOMING MESSAGE { id: 100000008, result: { id: '620206e603f00939' } }
---

--- 2026-09-02T17:15:26.258Z debug
[InspectorProxyWorker] SEND TO RUNTIME {"method":"Runtime.getIsolateId","id":100000009}
---

--- 2026-09-02T17:15:26.261Z debug
[InspectorProxyWorker] RUNTIME INCOMING MESSAGE { id: 100000009, result: { id: '620206e603f00939' } }
---

--- 2026-09-02T17:15:36.261Z debug
[InspectorProxyWorker] SEND TO RUNTIME {"method":"Runtime.getIsolateId","id":100000010}
---

--- 2026-09-02T17:15:36.264Z debug
[InspectorProxyWorker] RUNTIME INCOMING MESSAGE { id: 100000010, result: { id: '620206e603f00939' } }
---

--- 2026-09-02T17:15:46.268Z debug
[InspectorProxyWorker] SEND TO RUNTIME {"method":"Runtime.getIsolateId","id":100000011}
---

--- 2026-09-02T17:15:46.272Z debug
[InspectorProxyWorker] RUNTIME INCOMING MESSAGE { id: 100000011, result: { id: '620206e603f00939' } }
---

--- 2026-09-02T17:15:56.278Z debug
[InspectorProxyWorker] SEND TO RUNTIME {"method":"Runtime.getIsolateId","id":100000012}
---

--- 2026-09-02T17:15:56.306Z debug
[InspectorProxyWorker] RUNTIME INCOMING MESSAGE { id: 100000012, result: { id: '620206e603f00939' } }
---

--- 2026-09-02T17:16:06.278Z debug
[InspectorProxyWorker] SEND TO RUNTIME {"method":"Runtime.getIsolateId","id":100000013}
---

--- 2026-09-02T17:16:06.279Z debug
[InspectorProxyWorker] RUNTIME INCOMING MESSAGE { id: 100000013, result: { id: '620206e603f00939' } }
---

--- 2026-09-02T17:16:16.288Z debug
[InspectorProxyWorker] SEND TO RUNTIME {"method":"Runtime.getIsolateId","id":100000014}
---

--- 2026-09-02T17:16:16.291Z debug
[InspectorProxyWorker] RUNTIME INCOMING MESSAGE { id: 100000014, result: { id: '620206e603f00939' } }
---
