
--- 2026-09-02T15:46:26.863Z debug
🪵  Writing logs to "/home/subbu/Downloads/Projects/0BACKUP/Apptome/scratch/home/.config/.wrangler/logs/wrangler-2026-09-02_15-46-26_002.log"
---

--- 2026-09-02T15:46:26.862Z warn
▲ [WARNING] Proxy environment variables detected. We'll use your proxy for fetch requests.


---

--- 2026-09-02T15:46:26.949Z debug
.env file not found at "/home/subbu/Downloads/Projects/0BACKUP/Apptome/connectome/apps/stub-crm/.env". Continuing... For more details, refer to https://developers.cloudflare.com/workers/wrangler/system-environment-variables/
---

--- 2026-09-02T15:46:26.950Z debug
.env file not found at "/home/subbu/Downloads/Projects/0BACKUP/Apptome/connectome/apps/stub-crm/.env.local". Continuing... For more details, refer to https://developers.cloudflare.com/workers/wrangler/system-environment-variables/
---

--- 2026-09-02T15:46:27.017Z log

 ⛅️ wrangler 4.127.1
────────────────────
---

--- 2026-09-02T15:46:27.063Z debug
setting config
---

--- 2026-09-02T15:46:27.064Z debug
Updating config... undefined undefined
---

--- 2026-09-02T15:46:27.076Z debug
Metrics dispatcher: Posting data {"deviceId":"f58915be-3f65-4b52-972b-267e607c74ec","event":"wrangler command started","timestamp":1788363987076,"properties":{"amplitude_session_id":1788363987018,"amplitude_event_id":0,"wranglerVersion":"4.127.1","wranglerMajorVersion":4,"wranglerMinorVersion":127,"wranglerPatchVersion":1,"osPlatform":"Linux","osVersion":"#30~24.04.1-Ubuntu SMP PREEMPT_DYNAMIC Fri Aug  7 13:27:52 UTC 2","nodeVersion":25,"packageManager":"pnpm","isFirstUsage":false,"configFileType":"none","isCI":false,"isPagesCI":false,"isWorkersCI":false,"isInteractive":true,"hasAssets":false,"agent":"antigravity","argsUsed":["inspectorPort","port"],"argsCombination":"inspectorPort, port","sanitizedCommand":"dev","sanitizedArgs":{},"currentAgentSkillsInstalled":null}}
---

--- 2026-09-02T15:46:27.139Z debug
local dev variables file not found at ".dev.vars". Continuing... For more details, refer to https://developers.cloudflare.com/workers/wrangler/system-environment-variables/
---

--- 2026-09-02T15:46:27.139Z debug
.env file not found at "/home/subbu/Downloads/Projects/0BACKUP/Apptome/connectome/apps/stub-crm/.env". Continuing... For more details, refer to https://developers.cloudflare.com/workers/wrangler/system-environment-variables/
---

--- 2026-09-02T15:46:27.140Z debug
.env file not found at "/home/subbu/Downloads/Projects/0BACKUP/Apptome/connectome/apps/stub-crm/.env.local". Continuing... For more details, refer to https://developers.cloudflare.com/workers/wrangler/system-environment-variables/
---

--- 2026-09-02T15:46:27.245Z debug
Metrics dispatcher: Failed to send request: Forbidden
---

--- 2026-09-02T15:46:27.426Z debug
RemoteRuntimeController teardown beginning...
---

--- 2026-09-02T15:46:27.426Z debug
RemoteRuntimeController teardown complete
---

--- 2026-09-02T15:46:27.435Z log
⎔ Starting local server...
---

--- 2026-09-02T15:46:27.744Z debug
[InspectorProxyWorker] handleProxyControllerIncomingMessage {"type":"reloadStart"}
---

--- 2026-09-02T15:46:28.042Z debug
[InspectorProxyWorker] handleProxyControllerIncomingMessage {"type":"reloadComplete","proxyData":{"userWorkerUrl":{"protocol":"http:","hostname":"127.0.0.1","port":"45399"},"userWorkerInspectorUrl":{"protocol":"ws:","hostname":"127.0.0.1","port":"43079","pathname":"/core:user:stub-crm"},"userWorkerInnerUrlOverrides":{"protocol":"http:"},"headers":{"MF-Proxy-Shared-Secret":"e66ac20d-a87e-4583-a1e7-6d46016ac53a"},"liveReload":false,"proxyLogsToController":false}}
---

--- 2026-09-02T15:46:28.045Z debug
[InspectorProxyWorker] reconnectRuntimeWebSocket
---

--- 2026-09-02T15:46:28.047Z debug
[InspectorProxyWorker] NEW RUNTIME WEBSOCKET http://127.0.0.1:43079/core:user:stub-crm
---

--- 2026-09-02T15:46:28.050Z debug
[InspectorProxyWorker] SEND TO DEVTOOLS {"method":"Runtime.executionContextsCleared"}
---

--- 2026-09-02T15:46:28.055Z debug
[InspectorProxyWorker] RUNTIME WEBSOCKET OPENED
---

--- 2026-09-02T15:46:28.059Z debug
[InspectorProxyWorker] SEND TO RUNTIME {"method":"Runtime.enable","id":100000001}
---

--- 2026-09-02T15:46:28.062Z debug
[InspectorProxyWorker] RUNTIME INCOMING MESSAGE {
  method: 'Runtime.executionContextCreated',
  params: {
    context: {
      id: 191239617,
      origin: '',
      name: 'Worker',
      uniqueId: '9080522526450504049.-6020639627167655759'
    }
  }
}
---

--- 2026-09-02T15:46:28.064Z debug
[InspectorProxyWorker] RUNTIME INCOMING MESSAGE { id: 100000001, result: {} }
---
