
--- 2026-09-02T15:52:49.876Z debug
🪵  Writing logs to "/home/subbu/Downloads/Projects/0BACKUP/Apptome/scratch/home/.config/.wrangler/logs/wrangler-2026-09-02_15-52-47_176.log"
---

--- 2026-09-02T15:52:49.876Z warn
▲ [WARNING] Proxy environment variables detected. We'll use your proxy for fetch requests.


---

--- 2026-09-02T15:52:50.134Z debug
.env file not found at "/home/subbu/Downloads/Projects/0BACKUP/Apptome/connectome/hub/surface/.env". Continuing... For more details, refer to https://developers.cloudflare.com/workers/wrangler/system-environment-variables/
---

--- 2026-09-02T15:52:50.138Z debug
.env file not found at "/home/subbu/Downloads/Projects/0BACKUP/Apptome/connectome/hub/surface/.env.local". Continuing... For more details, refer to https://developers.cloudflare.com/workers/wrangler/system-environment-variables/
---

--- 2026-09-02T15:52:50.366Z log

 ⛅️ wrangler 4.127.1
────────────────────
---

--- 2026-09-02T15:52:50.428Z debug
setting config
---

--- 2026-09-02T15:52:50.429Z debug
Updating config... undefined undefined
---

--- 2026-09-02T15:52:50.477Z debug
Metrics dispatcher: Posting data {"deviceId":"f58915be-3f65-4b52-972b-267e607c74ec","event":"wrangler command started","timestamp":1788364370476,"properties":{"amplitude_session_id":1788364370372,"amplitude_event_id":0,"wranglerVersion":"4.127.1","wranglerMajorVersion":4,"wranglerMinorVersion":127,"wranglerPatchVersion":1,"osPlatform":"Linux","osVersion":"#30~24.04.1-Ubuntu SMP PREEMPT_DYNAMIC Fri Aug  7 13:27:52 UTC 2","nodeVersion":25,"isFirstUsage":false,"configFileType":"none","isCI":false,"isPagesCI":false,"isWorkersCI":false,"isInteractive":false,"hasAssets":false,"agent":"antigravity","argsUsed":["inspectorPort","port"],"argsCombination":"inspectorPort, port","sanitizedCommand":"dev","sanitizedArgs":{},"currentAgentSkillsInstalled":null}}
---

--- 2026-09-02T15:52:50.694Z debug
local dev variables file not found at ".dev.vars". Continuing... For more details, refer to https://developers.cloudflare.com/workers/wrangler/system-environment-variables/
---

--- 2026-09-02T15:52:50.698Z debug
.env file not found at "/home/subbu/Downloads/Projects/0BACKUP/Apptome/connectome/hub/surface/.env". Continuing... For more details, refer to https://developers.cloudflare.com/workers/wrangler/system-environment-variables/
---

--- 2026-09-02T15:52:50.699Z debug
.env file not found at "/home/subbu/Downloads/Projects/0BACKUP/Apptome/connectome/hub/surface/.env.local". Continuing... For more details, refer to https://developers.cloudflare.com/workers/wrangler/system-environment-variables/
---

--- 2026-09-02T15:52:51.025Z debug
Metrics dispatcher: Failed to send request: Forbidden
---

--- 2026-09-02T15:52:51.492Z debug
RemoteRuntimeController teardown beginning...
---

--- 2026-09-02T15:52:51.492Z debug
RemoteRuntimeController teardown complete
---

--- 2026-09-02T15:52:51.531Z log
⎔ Starting local server...
---

--- 2026-09-02T15:52:52.806Z log
Wrangler detected this dev session is running in an AI agent.
The Local Explorer API is available at http://localhost:8790/cdn-cgi/local/explorer/api
Useful routes:
  GET http://localhost:8790/cdn-cgi/local/explorer/api/local/workers - local Workers and bindings
  GET http://localhost:8790/cdn-cgi/local/explorer/api/storage/kv/namespaces - KV namespaces
  GET http://localhost:8790/cdn-cgi/local/explorer/api/d1/database - D1 databases
  GET http://localhost:8790/cdn-cgi/local/explorer/api/r2/buckets - R2 buckets
  GET http://localhost:8790/cdn-cgi/local/explorer/api/workers/durable_objects/namespaces - Durable Object namespaces
  GET http://localhost:8790/cdn-cgi/local/explorer/api/workflows - Workflows
  POST http://localhost:8790/cdn-cgi/local/explorer/api/local/observability/query - run a read-only SQL query (SELECT/WITH only) over captured request traces and console logs. Tables: spans, logs (read attributes via json(attributes)). Example:
    curl -X POST http://localhost:8790/cdn-cgi/local/explorer/api/local/observability/query -H 'Content-Type: application/json' -d '{"sql":"SELECT service, name, outcome, duration_ms FROM spans WHERE parent_id IS NULL LIMIT 20"}'
If the routes above don't cover what you need, fetch the full OpenAPI schema (large - use only as a last resort):
  GET http://localhost:8790/cdn-cgi/local/explorer/api - OpenAPI schema
---

--- 2026-09-02T15:52:53.332Z debug
[InspectorProxyWorker] handleProxyControllerIncomingMessage {"type":"reloadStart"}
---

--- 2026-09-02T15:52:55.218Z debug
[InspectorProxyWorker] handleProxyControllerIncomingMessage {"type":"reloadComplete","proxyData":{"userWorkerUrl":{"protocol":"http:","hostname":"127.0.0.1","port":"37811"},"userWorkerInspectorUrl":{"protocol":"ws:","hostname":"127.0.0.1","port":"46115","pathname":"/core:user:surface"},"userWorkerInnerUrlOverrides":{"protocol":"http:"},"headers":{"MF-Proxy-Shared-Secret":"046aad43-801e-4070-beb9-0939516f2ffc"},"liveReload":false,"proxyLogsToController":false}}
---

--- 2026-09-02T15:52:55.271Z debug
[InspectorProxyWorker] reconnectRuntimeWebSocket
---

--- 2026-09-02T15:52:55.281Z debug
[InspectorProxyWorker] NEW RUNTIME WEBSOCKET http://127.0.0.1:46115/core:user:surface
---

--- 2026-09-02T15:52:55.294Z debug
[InspectorProxyWorker] SEND TO DEVTOOLS {"method":"Runtime.executionContextsCleared"}
---

--- 2026-09-02T15:52:55.302Z debug
[InspectorProxyWorker] RUNTIME WEBSOCKET OPENED
---

--- 2026-09-02T15:52:55.314Z debug
[InspectorProxyWorker] SEND TO RUNTIME {"method":"Runtime.enable","id":100000001}
---

--- 2026-09-02T15:52:55.345Z debug
[InspectorProxyWorker] RUNTIME INCOMING MESSAGE {
  method: 'Runtime.executionContextCreated',
  params: {
    context: {
      id: 448947489,
      origin: '',
      name: 'Worker',
      uniqueId: '-5624923429973018033.8790834591783674131'
    }
  }
}
---

--- 2026-09-02T15:52:55.358Z debug
[InspectorProxyWorker] RUNTIME INCOMING MESSAGE { id: 100000001, result: {} }
---

--- 2026-09-02T15:53:05.221Z debug
[InspectorProxyWorker] SEND TO RUNTIME {"method":"Runtime.getIsolateId","id":100000002}
---

--- 2026-09-02T15:53:05.224Z debug
[InspectorProxyWorker] RUNTIME INCOMING MESSAGE { id: 100000002, result: { id: '640f464d7c5158c1' } }
---

--- 2026-09-02T15:53:15.227Z debug
[InspectorProxyWorker] SEND TO RUNTIME {"method":"Runtime.getIsolateId","id":100000003}
---

--- 2026-09-02T15:53:15.231Z debug
[InspectorProxyWorker] RUNTIME INCOMING MESSAGE { id: 100000003, result: { id: '640f464d7c5158c1' } }
---

--- 2026-09-02T15:53:25.230Z debug
[InspectorProxyWorker] SEND TO RUNTIME {"method":"Runtime.getIsolateId","id":100000004}
---

--- 2026-09-02T15:53:25.232Z debug
[InspectorProxyWorker] RUNTIME INCOMING MESSAGE { id: 100000004, result: { id: '640f464d7c5158c1' } }
---
