
--- 2026-09-02T16:17:12.176Z debug
🪵  Writing logs to "/home/subbu/Downloads/Projects/0BACKUP/Apptome/scratch/home/.config/.wrangler/logs/wrangler-2026-09-02_16-17-07_642.log"
---

--- 2026-09-02T16:17:12.175Z warn
▲ [WARNING] Proxy environment variables detected. We'll use your proxy for fetch requests.


---

--- 2026-09-02T16:17:12.394Z debug
.env file not found at "/home/subbu/Downloads/Projects/0BACKUP/Apptome/connectome/hub/surface/.env". Continuing... For more details, refer to https://developers.cloudflare.com/workers/wrangler/system-environment-variables/
---

--- 2026-09-02T16:17:12.399Z debug
.env file not found at "/home/subbu/Downloads/Projects/0BACKUP/Apptome/connectome/hub/surface/.env.local". Continuing... For more details, refer to https://developers.cloudflare.com/workers/wrangler/system-environment-variables/
---

--- 2026-09-02T16:17:12.874Z log

 ⛅️ wrangler 4.127.1
────────────────────
---

--- 2026-09-02T16:17:13.119Z debug
setting config
---

--- 2026-09-02T16:17:13.120Z debug
Updating config... undefined undefined
---

--- 2026-09-02T16:17:13.187Z debug
Metrics dispatcher: Posting data {"deviceId":"f58915be-3f65-4b52-972b-267e607c74ec","event":"wrangler command started","timestamp":1788365833187,"properties":{"amplitude_session_id":1788365832880,"amplitude_event_id":0,"wranglerVersion":"4.127.1","wranglerMajorVersion":4,"wranglerMinorVersion":127,"wranglerPatchVersion":1,"osPlatform":"Linux","osVersion":"#30~24.04.1-Ubuntu SMP PREEMPT_DYNAMIC Fri Aug  7 13:27:52 UTC 2","nodeVersion":25,"isFirstUsage":false,"configFileType":"none","isCI":false,"isPagesCI":false,"isWorkersCI":false,"isInteractive":false,"hasAssets":false,"agent":"antigravity","argsUsed":["inspectorPort","port"],"argsCombination":"inspectorPort, port","sanitizedCommand":"dev","sanitizedArgs":{},"currentAgentSkillsInstalled":null}}
---

--- 2026-09-02T16:17:13.849Z debug
local dev variables file not found at ".dev.vars". Continuing... For more details, refer to https://developers.cloudflare.com/workers/wrangler/system-environment-variables/
---

--- 2026-09-02T16:17:13.852Z debug
.env file not found at "/home/subbu/Downloads/Projects/0BACKUP/Apptome/connectome/hub/surface/.env". Continuing... For more details, refer to https://developers.cloudflare.com/workers/wrangler/system-environment-variables/
---

--- 2026-09-02T16:17:13.852Z debug
.env file not found at "/home/subbu/Downloads/Projects/0BACKUP/Apptome/connectome/hub/surface/.env.local". Continuing... For more details, refer to https://developers.cloudflare.com/workers/wrangler/system-environment-variables/
---

--- 2026-09-02T16:17:15.345Z debug
Metrics dispatcher: Failed to send request: Forbidden
---

--- 2026-09-02T16:17:15.995Z debug
RemoteRuntimeController teardown beginning...
---

--- 2026-09-02T16:17:15.996Z debug
RemoteRuntimeController teardown complete
---

--- 2026-09-02T16:17:16.061Z log
⎔ Starting local server...
---

--- 2026-09-02T16:17:16.602Z log
Wrangler detected this dev session is running in an AI agent.
The Local Explorer API is available at http://localhost:8790/cdn-cgi/local/explorer/api
Useful routes:
  GET http://localhost:8790/cdn-cgi/local/explorer/api/local/workers - local Workers and bindings
  GET http://localhost:8790/cdn-cgi/local/explorer/api/storage/kv/namespaces - KV namespaces
  GET http://localhost:8790/cdn-cgi/local/explorer/api/d1/database - D1 databases
  GET http://localhost:8790/cdn-cgi/local/explorer/api/r2/buckets - R2 buckets
  GET http://localhost:8790/cdn-cgi/local/explorer/api/workers/durable_objects/namespaces - Durable Object namespaces
  GET http://localhost:8790/cdn-cgi/local/explorer/api/workflows - Workflows
  POST http://localhost:8790/cdn-cgi/local/explorer/api/local/observability/query - run a read-only SQL query (SELECT/WITH only) over captured request traces and console logs. Tables: spans, logs (read attributes via json(attributes)). Example:
    curl -X POST http://localhost:8790/cdn-cgi/local/explorer/api/local/observability/query -H 'Content-Type: application/json' -d '{"sql":"SELECT service, name, outcome, duration_ms FROM spans WHERE parent_id IS NULL LIMIT 20"}'
If the routes above don't cover what you need, fetch the full OpenAPI schema (large - use only as a last resort):
  GET http://localhost:8790/cdn-cgi/local/explorer/api - OpenAPI schema
---

--- 2026-09-02T16:17:16.658Z debug
[InspectorProxyWorker] handleProxyControllerIncomingMessage {"type":"reloadStart"}
---

--- 2026-09-02T16:17:19.426Z debug
[InspectorProxyWorker] handleProxyControllerIncomingMessage {"type":"reloadComplete","proxyData":{"userWorkerUrl":{"protocol":"http:","hostname":"127.0.0.1","port":"45663"},"userWorkerInspectorUrl":{"protocol":"ws:","hostname":"127.0.0.1","port":"41883","pathname":"/core:user:surface"},"userWorkerInnerUrlOverrides":{"protocol":"http:"},"headers":{"MF-Proxy-Shared-Secret":"883e2354-00a5-4086-b71d-69794c18c267"},"liveReload":false,"proxyLogsToController":false}}
---

--- 2026-09-02T16:17:19.432Z debug
[InspectorProxyWorker] reconnectRuntimeWebSocket
---

--- 2026-09-02T16:17:19.438Z debug
[InspectorProxyWorker] NEW RUNTIME WEBSOCKET http://127.0.0.1:41883/core:user:surface
---

--- 2026-09-02T16:17:19.488Z debug
[InspectorProxyWorker] SEND TO DEVTOOLS {"method":"Runtime.executionContextsCleared"}
---

--- 2026-09-02T16:17:19.499Z debug
[InspectorProxyWorker] RUNTIME WEBSOCKET OPENED
---

--- 2026-09-02T16:17:19.504Z debug
[InspectorProxyWorker] SEND TO RUNTIME {"method":"Runtime.enable","id":100000001}
---

--- 2026-09-02T16:17:19.520Z debug
[InspectorProxyWorker] RUNTIME INCOMING MESSAGE {
  method: 'Runtime.executionContextCreated',
  params: {
    context: {
      id: 75445793,
      origin: '',
      name: 'Worker',
      uniqueId: '8979650121515162096.-7493312875567538442'
    }
  }
}
---

--- 2026-09-02T16:17:19.529Z debug
[InspectorProxyWorker] RUNTIME INCOMING MESSAGE { id: 100000001, result: {} }
---

--- 2026-09-02T16:17:29.428Z debug
[InspectorProxyWorker] SEND TO RUNTIME {"method":"Runtime.getIsolateId","id":100000002}
---

--- 2026-09-02T16:17:29.433Z debug
[InspectorProxyWorker] RUNTIME INCOMING MESSAGE { id: 100000002, result: { id: '3177a4bf89274af3' } }
---

--- 2026-09-02T16:17:39.435Z debug
[InspectorProxyWorker] SEND TO RUNTIME {"method":"Runtime.getIsolateId","id":100000003}
---

--- 2026-09-02T16:17:39.442Z debug
[InspectorProxyWorker] RUNTIME INCOMING MESSAGE { id: 100000003, result: { id: '3177a4bf89274af3' } }
---

--- 2026-09-02T16:17:49.436Z debug
[InspectorProxyWorker] SEND TO RUNTIME {"method":"Runtime.getIsolateId","id":100000004}
---

--- 2026-09-02T16:17:49.438Z debug
[InspectorProxyWorker] RUNTIME INCOMING MESSAGE { id: 100000004, result: { id: '3177a4bf89274af3' } }
---
