
--- 2026-09-02T16:01:38.364Z debug
🪵  Writing logs to "/home/subbu/Downloads/Projects/0BACKUP/Apptome/scratch/home/.config/.wrangler/logs/wrangler-2026-09-02_16-01-34_259.log"
---

--- 2026-09-02T16:01:38.364Z warn
▲ [WARNING] Proxy environment variables detected. We'll use your proxy for fetch requests.


---

--- 2026-09-02T16:01:39.087Z debug
.env file not found at "/home/subbu/Downloads/Projects/0BACKUP/Apptome/connectome/apps/stub-notes/.env". Continuing... For more details, refer to https://developers.cloudflare.com/workers/wrangler/system-environment-variables/
---

--- 2026-09-02T16:01:39.152Z debug
.env file not found at "/home/subbu/Downloads/Projects/0BACKUP/Apptome/connectome/apps/stub-notes/.env.local". Continuing... For more details, refer to https://developers.cloudflare.com/workers/wrangler/system-environment-variables/
---

--- 2026-09-02T16:01:39.727Z log

 ⛅️ wrangler 4.127.1
────────────────────
---

--- 2026-09-02T16:01:39.942Z debug
setting config
---

--- 2026-09-02T16:01:39.945Z debug
Updating config... undefined undefined
---

--- 2026-09-02T16:01:40.025Z debug
Metrics dispatcher: Posting data {"deviceId":"f58915be-3f65-4b52-972b-267e607c74ec","event":"wrangler command started","timestamp":1788364900025,"properties":{"amplitude_session_id":1788364899729,"amplitude_event_id":0,"wranglerVersion":"4.127.1","wranglerMajorVersion":4,"wranglerMinorVersion":127,"wranglerPatchVersion":1,"osPlatform":"Linux","osVersion":"#30~24.04.1-Ubuntu SMP PREEMPT_DYNAMIC Fri Aug  7 13:27:52 UTC 2","nodeVersion":25,"isFirstUsage":false,"configFileType":"none","isCI":false,"isPagesCI":false,"isWorkersCI":false,"isInteractive":false,"hasAssets":false,"agent":"antigravity","argsUsed":["inspectorPort","port"],"argsCombination":"inspectorPort, port","sanitizedCommand":"dev","sanitizedArgs":{},"currentAgentSkillsInstalled":null}}
---

--- 2026-09-02T16:01:40.324Z debug
local dev variables file not found at ".dev.vars". Continuing... For more details, refer to https://developers.cloudflare.com/workers/wrangler/system-environment-variables/
---

--- 2026-09-02T16:01:40.329Z debug
.env file not found at "/home/subbu/Downloads/Projects/0BACKUP/Apptome/connectome/apps/stub-notes/.env". Continuing... For more details, refer to https://developers.cloudflare.com/workers/wrangler/system-environment-variables/
---

--- 2026-09-02T16:01:40.332Z debug
.env file not found at "/home/subbu/Downloads/Projects/0BACKUP/Apptome/connectome/apps/stub-notes/.env.local". Continuing... For more details, refer to https://developers.cloudflare.com/workers/wrangler/system-environment-variables/
---

--- 2026-09-02T16:01:40.814Z debug
Metrics dispatcher: Failed to send request: Forbidden
---

--- 2026-09-02T16:01:41.858Z debug
RemoteRuntimeController teardown beginning...
---

--- 2026-09-02T16:01:41.861Z debug
RemoteRuntimeController teardown complete
---

--- 2026-09-02T16:01:41.942Z log
⎔ Starting local server...
---

--- 2026-09-02T16:01:43.692Z log
Wrangler detected this dev session is running in an AI agent.
The Local Explorer API is available at http://localhost:8789/cdn-cgi/local/explorer/api
Useful routes:
  GET http://localhost:8789/cdn-cgi/local/explorer/api/local/workers - local Workers and bindings
  GET http://localhost:8789/cdn-cgi/local/explorer/api/storage/kv/namespaces - KV namespaces
  GET http://localhost:8789/cdn-cgi/local/explorer/api/d1/database - D1 databases
  GET http://localhost:8789/cdn-cgi/local/explorer/api/r2/buckets - R2 buckets
  GET http://localhost:8789/cdn-cgi/local/explorer/api/workers/durable_objects/namespaces - Durable Object namespaces
  GET http://localhost:8789/cdn-cgi/local/explorer/api/workflows - Workflows
  POST http://localhost:8789/cdn-cgi/local/explorer/api/local/observability/query - run a read-only SQL query (SELECT/WITH only) over captured request traces and console logs. Tables: spans, logs (read attributes via json(attributes)). Example:
    curl -X POST http://localhost:8789/cdn-cgi/local/explorer/api/local/observability/query -H 'Content-Type: application/json' -d '{"sql":"SELECT service, name, outcome, duration_ms FROM spans WHERE parent_id IS NULL LIMIT 20"}'
If the routes above don't cover what you need, fetch the full OpenAPI schema (large - use only as a last resort):
  GET http://localhost:8789/cdn-cgi/local/explorer/api - OpenAPI schema
---

--- 2026-09-02T16:01:43.755Z debug
[InspectorProxyWorker] handleProxyControllerIncomingMessage {"type":"reloadStart"}
---

--- 2026-09-02T16:01:46.048Z debug
[InspectorProxyWorker] handleProxyControllerIncomingMessage {"type":"reloadComplete","proxyData":{"userWorkerUrl":{"protocol":"http:","hostname":"127.0.0.1","port":"41247"},"userWorkerInspectorUrl":{"protocol":"ws:","hostname":"127.0.0.1","port":"33249","pathname":"/core:user:stub-notes"},"userWorkerInnerUrlOverrides":{"protocol":"http:"},"headers":{"MF-Proxy-Shared-Secret":"35a6ce46-4d80-471e-9b11-23c6d229f91c"},"liveReload":false,"proxyLogsToController":false}}
---

--- 2026-09-02T16:01:46.070Z debug
[InspectorProxyWorker] reconnectRuntimeWebSocket
---

--- 2026-09-02T16:01:46.087Z debug
[InspectorProxyWorker] RUNTIME INCOMING MESSAGE {
  method: 'Runtime.executionContextCreated',
  params: {
    context: {
      id: 337282337,
      origin: '',
      name: 'Worker',
      uniqueId: '-6260089426882137250.-4759350717944222729'
    }
  }
}
---

--- 2026-09-02T16:01:46.095Z debug
[InspectorProxyWorker] NEW RUNTIME WEBSOCKET http://127.0.0.1:33249/core:user:stub-notes
---

--- 2026-09-02T16:01:46.125Z debug
[InspectorProxyWorker] SEND TO DEVTOOLS {"method":"Runtime.executionContextsCleared"}
---

--- 2026-09-02T16:01:46.160Z debug
[InspectorProxyWorker] RUNTIME WEBSOCKET OPENED
---

--- 2026-09-02T16:01:46.183Z debug
[InspectorProxyWorker] SEND TO RUNTIME {"method":"Runtime.enable","id":100000001}
---

--- 2026-09-02T16:01:46.196Z debug
[InspectorProxyWorker] RUNTIME INCOMING MESSAGE { id: 100000001, result: {} }
---

--- 2026-09-02T16:01:56.048Z debug
[InspectorProxyWorker] SEND TO RUNTIME {"method":"Runtime.getIsolateId","id":100000002}
---

--- 2026-09-02T16:01:56.052Z debug
[InspectorProxyWorker] RUNTIME INCOMING MESSAGE { id: 100000002, result: { id: 'fce1dad6936b4cfe' } }
---

--- 2026-09-02T16:02:06.076Z debug
[InspectorProxyWorker] SEND TO RUNTIME {"method":"Runtime.getIsolateId","id":100000003}
---

--- 2026-09-02T16:02:06.109Z debug
[InspectorProxyWorker] RUNTIME INCOMING MESSAGE { id: 100000003, result: { id: 'fce1dad6936b4cfe' } }
---
