
--- 2026-09-02T17:14:00.875Z debug
🪵  Writing logs to "/home/subbu/Downloads/Projects/0BACKUP/Apptome/scratch/home/.config/.wrangler/logs/wrangler-2026-09-02_17-13-57_888.log"
---

--- 2026-09-02T17:14:00.875Z debug
.env file not found at "/home/subbu/Downloads/Projects/0BACKUP/Apptome/connectome/apps/stub-notes/.env". Continuing... For more details, refer to https://developers.cloudflare.com/workers/wrangler/system-environment-variables/
---

--- 2026-09-02T17:14:00.878Z debug
.env file not found at "/home/subbu/Downloads/Projects/0BACKUP/Apptome/connectome/apps/stub-notes/.env.local". Continuing... For more details, refer to https://developers.cloudflare.com/workers/wrangler/system-environment-variables/
---

--- 2026-09-02T17:14:01.017Z log

 ⛅️ wrangler 4.127.1
────────────────────
---

--- 2026-09-02T17:14:01.194Z debug
setting config
---

--- 2026-09-02T17:14:01.203Z debug
Updating config... undefined undefined
---

--- 2026-09-02T17:14:01.339Z debug
Metrics dispatcher: Posting data {"deviceId":"f58915be-3f65-4b52-972b-267e607c74ec","event":"wrangler command started","timestamp":1788369241339,"properties":{"amplitude_session_id":1788369241018,"amplitude_event_id":0,"wranglerVersion":"4.127.1","wranglerMajorVersion":4,"wranglerMinorVersion":127,"wranglerPatchVersion":1,"osPlatform":"Linux","osVersion":"#30~24.04.1-Ubuntu SMP PREEMPT_DYNAMIC Fri Aug  7 13:27:52 UTC 2","nodeVersion":25,"packageManager":"pnpm","isFirstUsage":false,"configFileType":"none","isCI":false,"isPagesCI":false,"isWorkersCI":false,"isInteractive":false,"hasAssets":false,"agent":null,"argsUsed":["inspectorPort","port"],"argsCombination":"inspectorPort, port","sanitizedCommand":"dev","sanitizedArgs":{},"currentAgentSkillsInstalled":null}}
---

--- 2026-09-02T17:14:01.488Z debug
local dev variables file not found at ".dev.vars". Continuing... For more details, refer to https://developers.cloudflare.com/workers/wrangler/system-environment-variables/
---

--- 2026-09-02T17:14:01.488Z debug
.env file not found at "/home/subbu/Downloads/Projects/0BACKUP/Apptome/connectome/apps/stub-notes/.env". Continuing... For more details, refer to https://developers.cloudflare.com/workers/wrangler/system-environment-variables/
---

--- 2026-09-02T17:14:01.488Z debug
.env file not found at "/home/subbu/Downloads/Projects/0BACKUP/Apptome/connectome/apps/stub-notes/.env.local". Continuing... For more details, refer to https://developers.cloudflare.com/workers/wrangler/system-environment-variables/
---

--- 2026-09-02T17:14:02.621Z debug
RemoteRuntimeController teardown beginning...
---

--- 2026-09-02T17:14:02.624Z debug
RemoteRuntimeController teardown complete
---

--- 2026-09-02T17:14:02.713Z log
⎔ Starting local server...
---

--- 2026-09-02T17:14:03.869Z debug
[InspectorProxyWorker] handleProxyControllerIncomingMessage {"type":"reloadStart"}
---

--- 2026-09-02T17:14:06.012Z debug
[InspectorProxyWorker] handleProxyControllerIncomingMessage {"type":"reloadComplete","proxyData":{"userWorkerUrl":{"protocol":"http:","hostname":"127.0.0.1","port":"39239"},"userWorkerInspectorUrl":{"protocol":"ws:","hostname":"127.0.0.1","port":"43277","pathname":"/core:user:stub-notes"},"userWorkerInnerUrlOverrides":{"protocol":"http:"},"headers":{"MF-Proxy-Shared-Secret":"551c6275-c182-4c91-b72d-31ca5165761b"},"liveReload":false,"proxyLogsToController":false}}
---

--- 2026-09-02T17:14:06.023Z debug
[InspectorProxyWorker] reconnectRuntimeWebSocket
---

--- 2026-09-02T17:14:06.046Z debug
[InspectorProxyWorker] NEW RUNTIME WEBSOCKET http://127.0.0.1:43277/core:user:stub-notes
---

--- 2026-09-02T17:14:06.061Z debug
[InspectorProxyWorker] SEND TO DEVTOOLS {"method":"Runtime.executionContextsCleared"}
---

--- 2026-09-02T17:14:06.063Z debug
[InspectorProxyWorker] RUNTIME WEBSOCKET OPENED
---

--- 2026-09-02T17:14:06.072Z debug
[InspectorProxyWorker] SEND TO RUNTIME {"method":"Runtime.enable","id":100000001}
---

--- 2026-09-02T17:14:06.083Z debug
[InspectorProxyWorker] RUNTIME INCOMING MESSAGE {
  method: 'Runtime.executionContextCreated',
  params: {
    context: {
      id: 284961345,
      origin: '',
      name: 'Worker',
      uniqueId: '-2018234814336100596.-1337746728737672539'
    }
  }
}
---

--- 2026-09-02T17:14:06.095Z debug
[InspectorProxyWorker] RUNTIME INCOMING MESSAGE { id: 100000001, result: {} }
---

--- 2026-09-02T17:14:16.007Z debug
[InspectorProxyWorker] SEND TO RUNTIME {"method":"Runtime.getIsolateId","id":100000002}
---

--- 2026-09-02T17:14:16.011Z debug
[InspectorProxyWorker] RUNTIME INCOMING MESSAGE { id: 100000002, result: { id: 'e3ba3fc9a203ca62' } }
---

--- 2026-09-02T17:14:26.012Z debug
[InspectorProxyWorker] SEND TO RUNTIME {"method":"Runtime.getIsolateId","id":100000003}
---

--- 2026-09-02T17:14:26.022Z debug
[InspectorProxyWorker] RUNTIME INCOMING MESSAGE { id: 100000003, result: { id: 'e3ba3fc9a203ca62' } }
---

--- 2026-09-02T17:14:36.019Z debug
[InspectorProxyWorker] SEND TO RUNTIME {"method":"Runtime.getIsolateId","id":100000004}
---

--- 2026-09-02T17:14:36.022Z debug
[InspectorProxyWorker] RUNTIME INCOMING MESSAGE { id: 100000004, result: { id: 'e3ba3fc9a203ca62' } }
---

--- 2026-09-02T17:14:46.023Z debug
[InspectorProxyWorker] SEND TO RUNTIME {"method":"Runtime.getIsolateId","id":100000005}
---

--- 2026-09-02T17:14:46.025Z debug
[InspectorProxyWorker] RUNTIME INCOMING MESSAGE { id: 100000005, result: { id: 'e3ba3fc9a203ca62' } }
---

--- 2026-09-02T17:14:56.028Z debug
[InspectorProxyWorker] SEND TO RUNTIME {"method":"Runtime.getIsolateId","id":100000006}
---

--- 2026-09-02T17:14:56.037Z debug
[InspectorProxyWorker] RUNTIME INCOMING MESSAGE { id: 100000006, result: { id: 'e3ba3fc9a203ca62' } }
---

--- 2026-09-02T17:15:06.033Z debug
[InspectorProxyWorker] SEND TO RUNTIME {"method":"Runtime.getIsolateId","id":100000007}
---

--- 2026-09-02T17:15:06.037Z debug
[InspectorProxyWorker] RUNTIME INCOMING MESSAGE { id: 100000007, result: { id: 'e3ba3fc9a203ca62' } }
---

--- 2026-09-02T17:15:16.040Z debug
[InspectorProxyWorker] SEND TO RUNTIME {"method":"Runtime.getIsolateId","id":100000008}
---

--- 2026-09-02T17:15:16.042Z debug
[InspectorProxyWorker] RUNTIME INCOMING MESSAGE { id: 100000008, result: { id: 'e3ba3fc9a203ca62' } }
---

--- 2026-09-02T17:15:26.045Z debug
[InspectorProxyWorker] SEND TO RUNTIME {"method":"Runtime.getIsolateId","id":100000009}
---

--- 2026-09-02T17:15:26.048Z debug
[InspectorProxyWorker] RUNTIME INCOMING MESSAGE { id: 100000009, result: { id: 'e3ba3fc9a203ca62' } }
---

--- 2026-09-02T17:15:36.050Z debug
[InspectorProxyWorker] SEND TO RUNTIME {"method":"Runtime.getIsolateId","id":100000010}
---

--- 2026-09-02T17:15:36.053Z debug
[InspectorProxyWorker] RUNTIME INCOMING MESSAGE { id: 100000010, result: { id: 'e3ba3fc9a203ca62' } }
---

--- 2026-09-02T17:15:46.057Z debug
[InspectorProxyWorker] SEND TO RUNTIME {"method":"Runtime.getIsolateId","id":100000011}
---

--- 2026-09-02T17:15:46.061Z debug
[InspectorProxyWorker] RUNTIME INCOMING MESSAGE { id: 100000011, result: { id: 'e3ba3fc9a203ca62' } }
---

--- 2026-09-02T17:15:56.061Z debug
[InspectorProxyWorker] SEND TO RUNTIME {"method":"Runtime.getIsolateId","id":100000012}
---

--- 2026-09-02T17:15:56.065Z debug
[InspectorProxyWorker] RUNTIME INCOMING MESSAGE { id: 100000012, result: { id: 'e3ba3fc9a203ca62' } }
---

--- 2026-09-02T17:16:06.066Z debug
[InspectorProxyWorker] SEND TO RUNTIME {"method":"Runtime.getIsolateId","id":100000013}
---

--- 2026-09-02T17:16:06.070Z debug
[InspectorProxyWorker] RUNTIME INCOMING MESSAGE { id: 100000013, result: { id: 'e3ba3fc9a203ca62' } }
---

--- 2026-09-02T17:16:16.072Z debug
[InspectorProxyWorker] SEND TO RUNTIME {"method":"Runtime.getIsolateId","id":100000014}
---

--- 2026-09-02T17:16:16.074Z debug
[InspectorProxyWorker] RUNTIME INCOMING MESSAGE { id: 100000014, result: { id: 'e3ba3fc9a203ca62' } }
---
